14:22:40 [INFO] root: Logging to file: logs/dhaya_20260801_142240.log
14:22:40 [INFO] src.orchestrator: Starting investigation with 1 seed artifact(s)
14:22:40 [INFO] src.orchestrator: Investigation title: Test Investigation
14:22:40 [INFO] src.orchestrator: Available external tools: 0
14:22:40 [INFO] src.orchestrator: Missing external tools: 35
14:22:40 [INFO] src.plugins.registry: Registered plugin: SherlockPlugin
14:22:40 [INFO] src.plugins.registry: Registered plugin: WhoisPlugin
14:22:40 [INFO] src.plugins.registry: Registered plugin: UsernameSearchPlugin
14:22:40 [INFO] src.plugins.registry: Registered plugin: TheHarvesterPlugin
14:22:40 [INFO] src.plugins.registry: Registered plugin: DigPlugin
14:22:40 [INFO] src.plugins.registry: Registered plugin: EmailBreachPlugin
14:22:40 [INFO] src.plugins.registry: Registered plugin: ImageMatchPlugin
14:22:40 [INFO] src.plugins.registry: Registered plugin: GoogleDorksPlugin
14:22:40 [INFO] src.plugins.registry: Registered plugin: ShodanPlugin
14:22:40 [INFO] src.plugins.registry: Registered plugin: PhoneValidationPlugin
14:22:40 [INFO] src.config.loader: Configuration loaded from: config/config.yaml
14:22:40 [WARNING] src.plugins.builtins.image_match_plugin: face_recognition module not available, image match plugin disabled
14:22:40 [INFO] src.orchestrator: Available plugins: 6
14:22:40 [INFO] src.orchestrator: Created investigation: INV-ab223803
14:22:40 [INFO] src.orchestrator: Starting BFS processing with 1 artifacts in queue
