10:59:46 [INFO] root: Logging to file: logs/dhaya_20260802_105946.log
10:59:46 [INFO] src.orchestrator: Starting investigation with 1 seed artifact(s)
10:59:46 [INFO] src.orchestrator: Available external tools: 0
10:59:46 [INFO] src.orchestrator: Missing external tools: 35
10:59:46 [INFO] src.plugins.registry: Registered plugin: ExifToolPlugin
10:59:46 [INFO] src.plugins.registry: Registered plugin: SherlockPlugin
10:59:46 [INFO] src.plugins.registry: Registered plugin: WhoisPlugin
10:59:46 [INFO] src.plugins.registry: Registered plugin: Sublist3rPlugin
10:59:46 [INFO] src.plugins.registry: Registered plugin: UsernameSearchPlugin
10:59:46 [INFO] src.plugins.registry: Registered plugin: WaybackMachinePlugin
10:59:46 [INFO] src.plugins.registry: Registered plugin: NmapPlugin
10:59:46 [INFO] src.plugins.registry: Registered plugin: AmassPlugin
10:59:46 [INFO] src.plugins.registry: Registered plugin: ProfileImagePlugin
10:59:46 [INFO] src.plugins.registry: Registered plugin: TheHarvesterPlugin
10:59:46 [INFO] src.plugins.registry: Registered plugin: DigPlugin
10:59:46 [INFO] src.plugins.registry: Registered plugin: EmailBreachPlugin
10:59:46 [INFO] src.plugins.registry: Registered plugin: OsrframeworkPlugin
10:59:46 [INFO] src.plugins.registry: Registered plugin: SubfinderPlugin
10:59:46 [INFO] src.plugins.registry: Registered plugin: ImageMatchPlugin
10:59:46 [INFO] src.plugins.registry: Registered plugin: GoogleDorksPlugin
10:59:46 [INFO] src.plugins.registry: Registered plugin: WhatWebPlugin
10:59:46 [INFO] src.plugins.registry: Registered plugin: ShodanPlugin
10:59:46 [INFO] src.plugins.registry: Registered plugin: MaigretPlugin
10:59:46 [INFO] src.plugins.registry: Registered plugin: HolehePlugin
10:59:46 [INFO] src.plugins.registry: Registered plugin: PhoneValidationPlugin
10:59:47 [INFO] src.orchestrator: Available plugins: 9
10:59:47 [INFO] src.orchestrator: Created investigation: INV-b3b5f237
10:59:47 [INFO] src.orchestrator: Starting BFS processing with 1 artifacts in queue
10:59:47 [INFO] src.orchestrator: Processing BFS level 1: 1 artifact(s) (elapsed=0.0s, workers=1)
10:59:47 [INFO] src.modules.username_search: Found mail2dhaya on GitHub
10:59:48 [INFO] src.modules.username_search: Found mail2dhaya on Medium
10:59:48 [INFO] src.modules.username_search: Username search complete: mail2dhaya → found on 2/12 platforms
10:59:49 [INFO] src.modules.google_dorks: Limiting patterns from 8 to 3 to avoid rate limiting
10:59:49 [INFO] src.modules.google_dorks: Searching for username 'mail2dhaya' with 3 dork patterns
10:59:49 [INFO] src.modules.google_dorks: Pattern 'profile_pages' found 1 results
10:59:49 [INFO] src.modules.google_dorks: Pattern 'simple_search' found 1 results
10:59:49 [INFO] src.modules.google_dorks: Pattern 'social_platforms' found 1 results
10:59:49 [INFO] src.modules.google_dorks: Google Dorks search discovered 6 artifacts
10:59:49 [INFO] src.orchestrator: Google Dorks found 6 artifacts for mail2dhaya
10:59:49 [INFO] src.modules.google_dorks: Limiting patterns from 8 to 3 to avoid rate limiting
10:59:49 [INFO] src.modules.google_dorks: Searching for username 'mail2dhaya' with 3 dork patterns
10:59:49 [INFO] src.modules.username_search: Found mail2dhaya on GitHub
10:59:49 [INFO] src.modules.google_dorks: Pattern 'profile_pages' found 1 results
10:59:49 [INFO] src.modules.username_search: Found mail2dhaya on Medium
10:59:49 [INFO] src.modules.google_dorks: Pattern 'social_platforms' found 1 results
10:59:49 [INFO] src.modules.username_search: Username search complete: mail2dhaya → found on 2/12 platforms
10:59:49 [INFO] src.modules.google_dorks: Pattern 'simple_search' found 1 results
10:59:49 [INFO] src.modules.google_dorks: Google Dorks search discovered 6 artifacts
10:59:49 [INFO] src.orchestrator: Plugin system processed 2 plugins, discovered 6 artifacts
10:59:49 [INFO] src.orchestrator: BFS level 1 done in 2.7s (parallel=2.7s, db=0.0s); processed=1, seen=7, next_level=6
10:59:49 [INFO] src.orchestrator: Processing BFS level 2: 6 artifact(s) (elapsed=2.7s, workers=6)
10:59:49 [WARNING] src.plugins.manager: No plugins available for artifact type: image
10:59:49 [INFO] src.plugins.builtins.profile_image_plugin: Extracting profile image from: https://github.com/mail2dhaya
10:59:49 [INFO] src.orchestrator: Plugin system processed 0 plugins, discovered 0 artifacts
10:59:49 [INFO] src.plugins.builtins.profile_image_plugin: Extracting profile image from: https://medium.com/@mail2dhaya
10:59:49 [WARNING] src.plugins.manager: No plugins available for artifact type: image
10:59:49 [INFO] src.orchestrator: Plugin system processed 0 plugins, discovered 0 artifacts
10:59:49 [INFO] src.modules.external_tools: Running whois: whois support.google.com
10:59:49 [INFO] src.modules.external_tools: Running dig: dig support.google.com A +short
10:59:49 [INFO] src.modules.external_tools: Dig found 1 A records for support.google.com
10:59:49 [INFO] src.orchestrator: Dig found 1 artifacts for support.google.com
10:59:50 [INFO] src.modules.username_search: Found websearch on GitHub
10:59:50 [INFO] src.modules.username_search: Found websearch on Steam
10:59:50 [INFO] src.plugins.builtins.profile_image_plugin: Found profile image for https://github.com/mail2dhaya: https://avatars.githubusercontent.com/u/7057030?v=4
10:59:50 [INFO] src.orchestrator: Plugin system processed 1 plugins, discovered 1 artifacts
10:59:50 [INFO] src.modules.external_tools: Whois lookup completed for support.google.com
10:59:50 [INFO] src.orchestrator: Whois found 1 artifacts for support.google.com
10:59:50 [INFO] src.modules.username_search: Found websearch on Pinterest
10:59:50 [INFO] src.modules.username_search: Username search complete: websearch → found on 3/12 platforms
10:59:50 [INFO] src.plugins.builtins.profile_image_plugin: Found profile image for https://medium.com/@mail2dhaya: https://miro.medium.com/v2/resize:fit:2400/0*1bIvauCenVm87uD1.jpg
10:59:50 [INFO] src.orchestrator: Plugin system processed 1 plugins, discovered 1 artifacts
10:59:51 [INFO] src.modules.google_dorks: Limiting patterns from 8 to 3 to avoid rate limiting
10:59:51 [INFO] src.modules.google_dorks: Searching for username 'websearch' with 3 dork patterns
10:59:51 [INFO] src.modules.google_dorks: Pattern 'simple_search' found 1 results
10:59:51 [INFO] src.modules.google_dorks: Pattern 'social_platforms' found 1 results
10:59:51 [INFO] src.modules.google_dorks: Pattern 'profile_pages' found 1 results
10:59:51 [INFO] src.modules.google_dorks: Google Dorks search discovered 6 artifacts
10:59:51 [INFO] src.orchestrator: Google Dorks found 6 artifacts for websearch
10:59:51 [INFO] src.modules.google_dorks: Limiting patterns from 8 to 3 to avoid rate limiting
10:59:51 [INFO] src.modules.google_dorks: Searching for username 'websearch' with 3 dork patterns
10:59:51 [INFO] src.modules.username_search: Found websearch on Pinterest
10:59:51 [INFO] src.modules.username_search: Found websearch on GitHub
10:59:51 [INFO] src.modules.username_search: Found websearch on Steam
10:59:51 [INFO] src.modules.google_dorks: Pattern 'simple_search' found 1 results
10:59:51 [INFO] src.modules.username_search: Username search complete: websearch → found on 3/12 platforms
10:59:51 [INFO] src.modules.google_dorks: Pattern 'profile_pages' found 1 results
10:59:51 [INFO] src.modules.google_dorks: Pattern 'social_platforms' found 1 results
10:59:51 [INFO] src.modules.google_dorks: Google Dorks search discovered 6 artifacts
10:59:51 [INFO] src.orchestrator: Plugin system processed 2 plugins, discovered 6 artifacts
11:00:20 [ERROR] src.modules.external_tools: Wayback Machine error: HTTPConnectionPool(host='web.archive.org', port=80): Read timed out. (read timeout=30)
11:00:20 [INFO] src.orchestrator: Plugin system processed 3 plugins, discovered 1 artifacts
11:00:20 [INFO] src.orchestrator: BFS level 2 done in 30.6s (parallel=30.6s, db=0.0s); processed=7, seen=15, next_level=7
11:00:20 [INFO] src.orchestrator: Processing BFS level 3: 7 artifact(s) (elapsed=33.3s, workers=7)
11:00:20 [WARNING] src.plugins.manager: No plugins available for artifact type: image
11:00:20 [INFO] src.orchestrator: Plugin system processed 0 plugins, discovered 0 artifacts
11:00:20 [WARNING] src.plugins.manager: No plugins available for artifact type: image
11:00:20 [INFO] src.plugins.builtins.profile_image_plugin: Extracting profile image from: https://github.com/webSearch
11:00:20 [INFO] src.plugins.builtins.profile_image_plugin: Extracting profile image from: https://steamcommunity.com/id/websearch
11:00:20 [WARNING] src.plugins.manager: No plugins available for artifact type: image
11:00:20 [INFO] src.orchestrator: Plugin system processed 0 plugins, discovered 0 artifacts
11:00:20 [INFO] src.plugins.builtins.profile_image_plugin: Extracting profile image from: https://www.pinterest.com/websearch/
11:00:20 [INFO] src.orchestrator: Plugin system processed 0 plugins, discovered 0 artifacts
11:00:20 [INFO] src.orchestrator: Plugin system processed 1 plugins, discovered 0 artifacts
11:00:20 [INFO] src.plugins.builtins.profile_image_plugin: Found profile image for https://github.com/webSearch: https://avatars.githubusercontent.com/u/2688015?s=200&v=4
11:00:20 [INFO] src.orchestrator: Plugin system processed 1 plugins, discovered 1 artifacts
11:00:21 [INFO] src.plugins.builtins.profile_image_plugin: Found profile image for https://steamcommunity.com/id/websearch: https://avatars.fastly.steamstatic.com/91e35defe5dc67057c0c7555684e91ddcbac2f67_full.jpg
11:00:21 [INFO] src.orchestrator: Plugin system processed 1 plugins, discovered 1 artifacts
11:00:21 [INFO] src.plugins.builtins.profile_image_plugin: Found profile image for https://www.pinterest.com/websearch/: https://s.pinimg.com/images/default_open_graph_1200.png
11:00:21 [INFO] src.orchestrator: Plugin system processed 1 plugins, discovered 1 artifacts
11:00:21 [INFO] src.orchestrator: BFS level 3 done in 1.3s (parallel=1.3s, db=0.0s); processed=14, seen=15, next_level=0
11:00:21 [INFO] src.orchestrator: BFS processing complete: 14 artifact(s) processed across 3 level(s) in 34.6s
11:00:21 [INFO] src.orchestrator: Summary: 15 artifacts, 17 links, 5 platform presences
11:00:21 [INFO] src.modules.correlation: Correlation analysis: 15 artifacts, 17 links, 1 components
11:00:21 [INFO] src.orchestrator: Correlation analysis: 1 connected components, largest component size: 15
11:00:21 [INFO] src.orchestrator: Found 1 unique risk indicators: file_not_found
11:00:21 [INFO] src.orchestrator: Investigation INV-b3b5f237 complete: 15 artifacts, 17 links, 5 platforms, 1 risk indicators (finalize/correlation=0.0s, total=34.6s)
11:00:21 [INFO] src.correlation.linker: Correlation complete: 1 nodes, 0 edges, 1 identities
11:00:21 [INFO] src.graph.visualizer: Graph saved to /var/folders/73/s7vzm9_d65n7bx0pjs4gmsmm0000gn/T/tmpospu_lzo.html (1 nodes, 0 edges)
11:00:21 [INFO] src.reporting.html_report: ============================================================
11:00:21 [INFO] src.reporting.html_report: INVESTIGATION RECOMMENDATIONS
11:00:21 [INFO] src.reporting.html_report: ============================================================
11:00:21 [INFO] src.reporting.html_report: [MEDIUM Priority - Platform Expansion]
11:00:21 [INFO] src.reporting.html_report:   Action: Expand platform search coverage
11:00:21 [INFO] src.reporting.html_report:   Details: Currently found on 4 platforms. Consider additional platform searches for broader coverage
11:00:21 [INFO] src.reporting.html_report: ------------------------------------------------------------
11:00:21 [INFO] src.reporting.html_report: HTML report saved to reports/INV-b3b5f237_report.html
