09:26:16 [INFO] root: Logging to file: logs/dhaya_20260802_092616.log
09:26:16 [INFO] src.orchestrator: Starting investigation with 1 seed artifact(s)
09:26:16 [INFO] src.orchestrator: Available external tools: 0
09:26:16 [INFO] src.orchestrator: Missing external tools: 35
09:26:16 [INFO] src.plugins.registry: Registered plugin: ExifToolPlugin
09:26:16 [INFO] src.plugins.registry: Registered plugin: SherlockPlugin
09:26:16 [INFO] src.plugins.registry: Registered plugin: WhoisPlugin
09:26:16 [INFO] src.plugins.registry: Registered plugin: Sublist3rPlugin
09:26:16 [INFO] src.plugins.registry: Registered plugin: UsernameSearchPlugin
09:26:16 [INFO] src.plugins.registry: Registered plugin: WaybackMachinePlugin
09:26:16 [INFO] src.plugins.registry: Registered plugin: NmapPlugin
09:26:16 [INFO] src.plugins.registry: Registered plugin: AmassPlugin
09:26:16 [INFO] src.plugins.registry: Registered plugin: ProfileImagePlugin
09:26:16 [INFO] src.plugins.registry: Registered plugin: TheHarvesterPlugin
09:26:16 [INFO] src.plugins.registry: Registered plugin: DigPlugin
09:26:16 [INFO] src.plugins.registry: Registered plugin: EmailBreachPlugin
09:26:16 [INFO] src.plugins.registry: Registered plugin: OsrframeworkPlugin
09:26:16 [INFO] src.plugins.registry: Registered plugin: SubfinderPlugin
09:26:16 [INFO] src.plugins.registry: Registered plugin: ImageMatchPlugin
09:26:16 [INFO] src.plugins.registry: Registered plugin: GoogleDorksPlugin
09:26:16 [INFO] src.plugins.registry: Registered plugin: WhatWebPlugin
09:26:16 [INFO] src.plugins.registry: Registered plugin: ShodanPlugin
09:26:16 [INFO] src.plugins.registry: Registered plugin: MaigretPlugin
09:26:16 [INFO] src.plugins.registry: Registered plugin: HolehePlugin
09:26:16 [INFO] src.plugins.registry: Registered plugin: PhoneValidationPlugin
09:26:17 [INFO] src.orchestrator: Available plugins: 9
09:26:17 [INFO] src.orchestrator: Created investigation: INV-fa4805fc
09:26:17 [INFO] src.orchestrator: Starting BFS processing with 1 artifacts in queue
09:26:17 [INFO] src.orchestrator: Processing BFS level 1: 1 artifact(s) (elapsed=0.0s, workers=1)
09:26:17 [INFO] src.modules.username_search: Found mail2dhaya on GitHub
09:26:18 [INFO] src.modules.username_search: Found mail2dhaya on Medium
09:26:18 [INFO] src.modules.username_search: Username search complete: mail2dhaya → found on 2/12 platforms
09:26:18 [INFO] src.modules.google_dorks: Limiting patterns from 8 to 3 to avoid rate limiting
09:26:18 [INFO] src.modules.google_dorks: Searching for username 'mail2dhaya' with 3 dork patterns
09:26:19 [INFO] src.modules.google_dorks: Google search found 1 results for pattern 'social_platforms'
09:26:19 [INFO] src.modules.google_dorks: Pattern 'social_platforms' found 1 results
09:26:20 [INFO] src.modules.google_dorks: Google search found 1 results for pattern 'simple_search'
09:26:20 [INFO] src.modules.google_dorks: Pattern 'simple_search' found 1 results
09:26:23 [INFO] src.modules.google_dorks: Google search found 1 results for pattern 'profile_pages'
09:26:23 [INFO] src.modules.google_dorks: Pattern 'profile_pages' found 1 results
09:26:23 [INFO] src.modules.google_dorks: Google Dorks search discovered 6 artifacts
09:26:23 [INFO] src.orchestrator: Google Dorks found 6 artifacts for mail2dhaya
09:26:23 [INFO] src.modules.google_dorks: Limiting patterns from 8 to 3 to avoid rate limiting
09:26:23 [INFO] src.modules.google_dorks: Searching for username 'mail2dhaya' with 3 dork patterns
09:26:23 [INFO] src.modules.username_search: Found mail2dhaya on Medium
09:26:23 [INFO] src.modules.username_search: Found mail2dhaya on GitHub
09:26:23 [INFO] src.modules.username_search: Username search complete: mail2dhaya → found on 2/12 platforms
09:26:23 [INFO] src.modules.google_dorks: Pattern 'simple_search' found 1 results
09:26:23 [INFO] src.modules.google_dorks: Pattern 'social_platforms' found 1 results
09:26:23 [INFO] src.modules.google_dorks: Pattern 'profile_pages' found 1 results
09:26:23 [INFO] src.modules.google_dorks: Google Dorks search discovered 6 artifacts
09:26:23 [INFO] src.orchestrator: Plugin system processed 2 plugins, discovered 6 artifacts
09:26:23 [INFO] src.orchestrator: BFS level 1 done in 5.9s (parallel=5.8s, db=0.0s); processed=1, seen=7, next_level=6
09:26:23 [INFO] src.orchestrator: Processing BFS level 2: 6 artifact(s) (elapsed=5.9s, workers=6)
09:26:23 [INFO] src.plugins.builtins.profile_image_plugin: Extracting profile image from: https://github.com/mail2dhaya
09:26:23 [WARNING] src.plugins.manager: No plugins available for artifact type: image
09:26:23 [INFO] src.plugins.builtins.profile_image_plugin: Extracting profile image from: https://medium.com/@mail2dhaya
09:26:23 [INFO] src.orchestrator: Plugin system processed 0 plugins, discovered 0 artifacts
09:26:23 [WARNING] src.plugins.manager: No plugins available for artifact type: image
09:26:23 [INFO] src.orchestrator: Plugin system processed 0 plugins, discovered 0 artifacts
09:26:23 [INFO] src.modules.external_tools: Running whois: whois support.google.com
09:26:23 [INFO] src.modules.external_tools: Running dig: dig support.google.com A +short
09:26:23 [INFO] src.modules.external_tools: Dig found 1 A records for support.google.com
09:26:23 [INFO] src.orchestrator: Dig found 1 artifacts for support.google.com
09:26:23 [INFO] src.modules.username_search: Found websearch on GitHub
09:26:23 [INFO] src.modules.username_search: Found websearch on Steam
09:26:23 [INFO] src.plugins.builtins.profile_image_plugin: Found profile image for https://github.com/mail2dhaya: https://avatars.githubusercontent.com/u/7057030?v=4
09:26:23 [INFO] src.orchestrator: Plugin system processed 1 plugins, discovered 1 artifacts
09:26:23 [INFO] src.modules.username_search: Found websearch on Pinterest
09:26:24 [INFO] src.plugins.builtins.profile_image_plugin: Found profile image for https://medium.com/@mail2dhaya: https://miro.medium.com/v2/resize:fit:2400/0*1bIvauCenVm87uD1.jpg
09:26:24 [INFO] src.orchestrator: Plugin system processed 1 plugins, discovered 1 artifacts
09:26:24 [INFO] src.modules.external_tools: Whois lookup completed for support.google.com
09:26:24 [INFO] src.orchestrator: Whois found 1 artifacts for support.google.com
09:26:24 [INFO] src.modules.username_search: Username search complete: websearch → found on 3/12 platforms
09:26:25 [INFO] src.modules.google_dorks: Limiting patterns from 8 to 3 to avoid rate limiting
09:26:25 [INFO] src.modules.google_dorks: Searching for username 'websearch' with 3 dork patterns
09:26:25 [INFO] src.modules.google_dorks: Pattern 'simple_search' found 1 results
09:26:25 [INFO] src.modules.google_dorks: Pattern 'social_platforms' found 1 results
09:26:25 [INFO] src.modules.google_dorks: Pattern 'profile_pages' found 1 results
09:26:25 [INFO] src.modules.google_dorks: Google Dorks search discovered 6 artifacts
09:26:25 [INFO] src.orchestrator: Google Dorks found 6 artifacts for websearch
09:26:25 [INFO] src.modules.google_dorks: Limiting patterns from 8 to 3 to avoid rate limiting
09:26:25 [INFO] src.modules.google_dorks: Searching for username 'websearch' with 3 dork patterns
09:26:25 [INFO] src.modules.username_search: Found websearch on GitHub
09:26:25 [INFO] src.modules.username_search: Found websearch on Pinterest
09:26:25 [INFO] src.modules.username_search: Found websearch on Steam
09:26:25 [INFO] src.modules.username_search: Username search complete: websearch → found on 3/12 platforms
09:26:25 [INFO] src.modules.google_dorks: Pattern 'profile_pages' found 1 results
09:26:25 [INFO] src.modules.google_dorks: Pattern 'social_platforms' found 1 results
09:26:25 [INFO] src.modules.google_dorks: Pattern 'simple_search' found 1 results
09:26:25 [INFO] src.modules.google_dorks: Google Dorks search discovered 6 artifacts
09:26:25 [INFO] src.orchestrator: Plugin system processed 2 plugins, discovered 6 artifacts
09:26:53 [ERROR] src.modules.external_tools: Wayback Machine error: HTTPConnectionPool(host='web.archive.org', port=80): Read timed out. (read timeout=30)
09:26:53 [INFO] src.orchestrator: Plugin system processed 3 plugins, discovered 1 artifacts
09:26:53 [INFO] src.orchestrator: BFS level 2 done in 30.7s (parallel=30.7s, db=0.0s); processed=7, seen=15, next_level=7
09:26:53 [INFO] src.orchestrator: Processing BFS level 3: 7 artifact(s) (elapsed=36.5s, workers=7)
09:26:53 [WARNING] src.plugins.manager: No plugins available for artifact type: image
09:26:53 [WARNING] src.plugins.manager: No plugins available for artifact type: image
09:26:53 [WARNING] src.plugins.manager: No plugins available for artifact type: image
09:26:53 [INFO] src.orchestrator: Plugin system processed 0 plugins, discovered 0 artifacts
09:26:53 [INFO] src.plugins.builtins.profile_image_plugin: Extracting profile image from: https://github.com/webSearch
09:26:53 [INFO] src.plugins.builtins.profile_image_plugin: Extracting profile image from: https://steamcommunity.com/id/websearch
09:26:53 [INFO] src.orchestrator: Plugin system processed 0 plugins, discovered 0 artifacts
09:26:53 [INFO] src.plugins.builtins.profile_image_plugin: Extracting profile image from: https://www.pinterest.com/websearch/
09:26:53 [INFO] src.orchestrator: Plugin system processed 0 plugins, discovered 0 artifacts
09:26:53 [INFO] src.orchestrator: Plugin system processed 1 plugins, discovered 0 artifacts
09:26:54 [INFO] src.orchestrator: Plugin system processed 1 plugins, discovered 0 artifacts
09:26:54 [INFO] src.plugins.builtins.profile_image_plugin: Found profile image for https://github.com/webSearch: https://avatars.githubusercontent.com/u/2688015?s=200&v=4
09:26:54 [INFO] src.orchestrator: Plugin system processed 1 plugins, discovered 1 artifacts
09:26:54 [INFO] src.plugins.builtins.profile_image_plugin: Found profile image for https://www.pinterest.com/websearch/: https://s.pinimg.com/images/default_open_graph_1200.png
09:26:54 [INFO] src.orchestrator: Plugin system processed 1 plugins, discovered 1 artifacts
09:26:54 [INFO] src.orchestrator: BFS level 3 done in 0.9s (parallel=0.9s, db=0.0s); processed=14, seen=15, next_level=0
09:26:54 [INFO] src.orchestrator: BFS processing complete: 14 artifact(s) processed across 3 level(s) in 37.4s
09:26:54 [INFO] src.orchestrator: Summary: 15 artifacts, 17 links, 5 platform presences
09:26:54 [INFO] src.modules.correlation: Correlation analysis: 15 artifacts, 17 links, 1 components
09:26:54 [INFO] src.orchestrator: Correlation analysis: 1 connected components, largest component size: 15
09:26:54 [INFO] src.orchestrator: Found 1 unique risk indicators: file_not_found
09:26:54 [INFO] src.orchestrator: Investigation INV-fa4805fc complete: 15 artifacts, 17 links, 5 platforms, 1 risk indicators (finalize/correlation=0.0s, total=37.4s)
09:26:54 [INFO] src.correlation.linker: Correlation complete: 1 nodes, 0 edges, 1 identities
09:26:54 [INFO] src.graph.visualizer: Graph saved to /var/folders/73/s7vzm9_d65n7bx0pjs4gmsmm0000gn/T/tmpnv6mp9ov.html (1 nodes, 0 edges)
09:26:54 [INFO] src.reporting.html_report: ============================================================
09:26:54 [INFO] src.reporting.html_report: INVESTIGATION RECOMMENDATIONS
09:26:54 [INFO] src.reporting.html_report: ============================================================
09:26:54 [INFO] src.reporting.html_report: [MEDIUM Priority - Platform Expansion]
09:26:54 [INFO] src.reporting.html_report:   Action: Expand platform search coverage
09:26:54 [INFO] src.reporting.html_report:   Details: Currently found on 4 platforms. Consider additional platform searches for broader coverage
09:26:54 [INFO] src.reporting.html_report: ------------------------------------------------------------
09:26:54 [INFO] src.reporting.html_report: HTML report saved to reports/INV-fa4805fc_report.html
