14:23:53 [INFO] root: Logging to file: logs/dhaya_20260801_142353.log
14:23:53 [INFO] src.orchestrator: Starting investigation with 1 seed artifact(s)
14:23:53 [INFO] src.orchestrator: Investigation title: Test Investigation
14:23:53 [INFO] src.orchestrator: Available external tools: 0
14:23:53 [INFO] src.orchestrator: Missing external tools: 35
14:23:53 [INFO] src.plugins.registry: Registered plugin: SherlockPlugin
14:23:53 [INFO] src.plugins.registry: Registered plugin: WhoisPlugin
14:23:53 [INFO] src.plugins.registry: Registered plugin: UsernameSearchPlugin
14:23:53 [INFO] src.plugins.registry: Registered plugin: TheHarvesterPlugin
14:23:53 [INFO] src.plugins.registry: Registered plugin: DigPlugin
14:23:53 [INFO] src.plugins.registry: Registered plugin: EmailBreachPlugin
14:23:53 [INFO] src.plugins.registry: Registered plugin: ImageMatchPlugin
14:23:53 [INFO] src.plugins.registry: Registered plugin: GoogleDorksPlugin
14:23:53 [INFO] src.plugins.registry: Registered plugin: ShodanPlugin
14:23:53 [INFO] src.plugins.registry: Registered plugin: PhoneValidationPlugin
14:23:53 [INFO] src.config.loader: Configuration loaded from: config/config.yaml
14:23:53 [WARNING] src.plugins.builtins.image_match_plugin: face_recognition module not available, image match plugin disabled
14:23:53 [INFO] src.orchestrator: Available plugins: 6
14:23:53 [INFO] src.orchestrator: Created investigation: INV-f28a3049
14:23:53 [INFO] src.orchestrator: Starting BFS processing with 1 artifacts in queue
14:23:53 [INFO] src.orchestrator: Processing: email=test@example.com (depth=0, queue_size=0)
14:23:53 [WARNING] src.modules.email_osint: HIBP API requires API key for this endpoint
14:23:53 [INFO] src.modules.email_osint: Email analysis complete: test@example.com → disposable=False, breaches=0, platforms=1
14:23:53 [INFO] src.modules.breach_check: No HIBP API key provided - using mock breach data for demonstration
14:23:53 [INFO] src.modules.breach_check: Breach check complete: test@example.com → 2 breaches, risk=high
14:23:53 [INFO] src.orchestrator: Found 2 breaches for email test@example.com: LinkedIn, Facebook
14:23:53 [WARNING] src.orchestrator: Breach check warning: Using mock data - HIBP API key required for real breach checks
14:23:53 [WARNING] src.plugins.builtins.image_match_plugin: face_recognition module not available, image match plugin disabled
14:23:53 [WARNING] src.modules.email_osint: HIBP API requires API key for this endpoint
14:23:53 [INFO] src.modules.email_osint: Email analysis complete: test@example.com → disposable=False, breaches=0, platforms=1
14:23:53 [INFO] src.orchestrator: Plugin system processed 1 plugins, discovered 0 artifacts
14:23:53 [INFO] src.orchestrator: Processing: username=osintorg (depth=1, queue_size=4)
14:23:54 [INFO] src.modules.username_search: Found osintorg on Medium
14:23:54 [INFO] src.modules.username_search: Found osintorg on Steam
14:23:54 [INFO] src.modules.username_search: Found osintorg on Instagram
14:23:54 [INFO] src.modules.username_search: Found osintorg on Pinterest
14:23:54 [INFO] src.modules.username_search: Username search complete: osintorg → found on 4/12 platforms
14:23:54 [INFO] src.modules.google_dorks: Limiting patterns from 9 to 3 to avoid rate limiting
14:23:54 [INFO] src.modules.google_dorks: Searching for username 'osintorg' with 3 dork patterns
14:23:54 [ERROR] src.modules.google_dorks: Error executing dork pattern 'simple_search': name '_MAX_RETRIES' is not defined
14:23:54 [ERROR] src.modules.google_dorks: Error executing dork pattern 'social_platforms': name '_MAX_RETRIES' is not defined
14:23:54 [ERROR] src.modules.google_dorks: Error executing dork pattern 'profile_pages': name '_MAX_RETRIES' is not defined
14:23:54 [INFO] src.modules.google_dorks: Google Dorks search discovered 0 artifacts
14:23:54 [WARNING] src.plugins.builtins.image_match_plugin: face_recognition module not available, image match plugin disabled
14:23:54 [INFO] src.modules.google_dorks: Limiting patterns from 9 to 3 to avoid rate limiting
14:23:54 [INFO] src.modules.google_dorks: Searching for username 'osintorg' with 3 dork patterns
14:23:54 [ERROR] src.modules.google_dorks: Error executing dork pattern 'profile_pages': name '_MAX_RETRIES' is not defined
14:23:54 [ERROR] src.modules.google_dorks: Error executing dork pattern 'simple_search': name '_MAX_RETRIES' is not defined
14:23:54 [ERROR] src.modules.google_dorks: Error executing dork pattern 'social_platforms': name '_MAX_RETRIES' is not defined
14:23:54 [INFO] src.modules.google_dorks: Google Dorks search discovered 0 artifacts
14:23:55 [INFO] src.modules.username_search: Found osintorg on Instagram
14:23:55 [INFO] src.modules.username_search: Found osintorg on Medium
14:23:55 [INFO] src.modules.username_search: Found osintorg on Steam
14:23:55 [INFO] src.modules.username_search: Found osintorg on Pinterest
14:23:55 [INFO] src.modules.username_search: Username search complete: osintorg → found on 4/12 platforms
14:23:55 [INFO] src.orchestrator: Plugin system processed 2 plugins, discovered 0 artifacts
14:23:55 [INFO] src.orchestrator: Processing: breach_data=LinkedIn (2012-05-05) (depth=1, queue_size=7)
14:23:55 [WARNING] src.orchestrator: Unknown artifact type: breach_data
14:23:55 [WARNING] src.plugins.builtins.image_match_plugin: face_recognition module not available, image match plugin disabled
14:23:55 [WARNING] src.plugins.manager: No plugins available for artifact type: breach_data
14:23:55 [INFO] src.orchestrator: Plugin system processed 0 plugins, discovered 0 artifacts
14:23:55 [INFO] src.orchestrator: Processing: breach_data=Facebook (2019-04-04) (depth=1, queue_size=6)
14:23:55 [WARNING] src.orchestrator: Unknown artifact type: breach_data
14:23:55 [WARNING] src.plugins.builtins.image_match_plugin: face_recognition module not available, image match plugin disabled
14:23:55 [WARNING] src.plugins.manager: No plugins available for artifact type: breach_data
14:23:55 [INFO] src.orchestrator: Plugin system processed 0 plugins, discovered 0 artifacts
14:23:55 [INFO] src.orchestrator: Processing: username=test (depth=1, queue_size=5)
14:23:56 [INFO] src.modules.username_search: Found test on Mastodon (mastodon.social)
14:23:56 [INFO] src.modules.username_search: Found test on Keybase
14:23:56 [INFO] src.modules.username_search: Found test on HackerNews
14:23:56 [INFO] src.modules.username_search: Found test on Pinterest
14:23:57 [INFO] src.modules.username_search: Found test on Medium
14:23:57 [INFO] src.modules.username_search: Username search complete: test → found on 5/12 platforms
14:23:57 [INFO] src.modules.google_dorks: Limiting patterns from 9 to 3 to avoid rate limiting
14:23:57 [INFO] src.modules.google_dorks: Searching for username 'test' with 3 dork patterns
14:23:57 [ERROR] src.modules.google_dorks: Error executing dork pattern 'simple_search': name '_MAX_RETRIES' is not defined
14:23:57 [ERROR] src.modules.google_dorks: Error executing dork pattern 'social_platforms': name '_MAX_RETRIES' is not defined
14:23:57 [ERROR] src.modules.google_dorks: Error executing dork pattern 'profile_pages': name '_MAX_RETRIES' is not defined
14:23:57 [INFO] src.modules.google_dorks: Google Dorks search discovered 0 artifacts
14:23:57 [WARNING] src.plugins.builtins.image_match_plugin: face_recognition module not available, image match plugin disabled
14:23:57 [INFO] src.modules.google_dorks: Limiting patterns from 9 to 3 to avoid rate limiting
14:23:57 [INFO] src.modules.google_dorks: Searching for username 'test' with 3 dork patterns
14:23:57 [ERROR] src.modules.google_dorks: Error executing dork pattern 'profile_pages': name '_MAX_RETRIES' is not defined
14:23:57 [ERROR] src.modules.google_dorks: Error executing dork pattern 'simple_search': name '_MAX_RETRIES' is not defined
14:23:57 [ERROR] src.modules.google_dorks: Error executing dork pattern 'social_platforms': name '_MAX_RETRIES' is not defined
14:23:57 [INFO] src.modules.google_dorks: Google Dorks search discovered 0 artifacts
14:23:57 [INFO] src.modules.username_search: Found test on Mastodon (mastodon.social)
14:23:57 [INFO] src.modules.username_search: Found test on Keybase
14:23:57 [INFO] src.modules.username_search: Found test on HackerNews
14:23:58 [INFO] src.modules.username_search: Found test on Medium
14:23:58 [INFO] src.modules.username_search: Found test on Pinterest
14:23:58 [INFO] src.modules.username_search: Username search complete: test → found on 5/12 platforms
14:23:58 [INFO] src.orchestrator: Plugin system processed 2 plugins, discovered 0 artifacts
14:23:58 [INFO] src.orchestrator: Processing: domain=example.com (depth=1, queue_size=9)
14:23:58 [WARNING] src.orchestrator: Unknown artifact type: domain
14:23:58 [ERROR] src.orchestrator: External tools processing failed for example.com: 'WhoisIntegration' object has no attribute 'search_username'
14:23:58 [WARNING] src.plugins.builtins.image_match_plugin: face_recognition module not available, image match plugin disabled
14:23:59 [INFO] src.orchestrator: Plugin system processed 2 plugins, discovered 5 artifacts
14:23:59 [INFO] src.orchestrator: Processing: platform_presence=https://medium.com/@osintorg (depth=2, queue_size=13)
14:23:59 [WARNING] src.orchestrator: Unknown artifact type: platform_presence
14:23:59 [WARNING] src.plugins.builtins.image_match_plugin: face_recognition module not available, image match plugin disabled
14:23:59 [WARNING] src.plugins.manager: No plugins available for artifact type: platform_presence
14:23:59 [INFO] src.orchestrator: Plugin system processed 0 plugins, discovered 0 artifacts
14:23:59 [INFO] src.orchestrator: Processing: platform_presence=https://steamcommunity.com/id/osintorg (depth=2, queue_size=12)
14:23:59 [WARNING] src.orchestrator: Unknown artifact type: platform_presence
14:23:59 [WARNING] src.plugins.builtins.image_match_plugin: face_recognition module not available, image match plugin disabled
14:23:59 [WARNING] src.plugins.manager: No plugins available for artifact type: platform_presence
14:23:59 [INFO] src.orchestrator: Plugin system processed 0 plugins, discovered 0 artifacts
14:23:59 [INFO] src.orchestrator: Processing: platform_presence=https://www.instagram.com/osintorg/ (depth=2, queue_size=11)
14:23:59 [WARNING] src.orchestrator: Unknown artifact type: platform_presence
14:23:59 [WARNING] src.plugins.builtins.image_match_plugin: face_recognition module not available, image match plugin disabled
14:23:59 [WARNING] src.plugins.manager: No plugins available for artifact type: platform_presence
14:23:59 [INFO] src.orchestrator: Plugin system processed 0 plugins, discovered 0 artifacts
14:23:59 [INFO] src.orchestrator: Processing: platform_presence=https://www.pinterest.com/osintorg/ (depth=2, queue_size=10)
14:23:59 [WARNING] src.orchestrator: Unknown artifact type: platform_presence
14:23:59 [WARNING] src.plugins.builtins.image_match_plugin: face_recognition module not available, image match plugin disabled
14:23:59 [WARNING] src.plugins.manager: No plugins available for artifact type: platform_presence
14:23:59 [INFO] src.orchestrator: Plugin system processed 0 plugins, discovered 0 artifacts
14:23:59 [INFO] src.orchestrator: Processing: platform_presence=https://mastodon.social/@test (depth=2, queue_size=9)
14:23:59 [WARNING] src.orchestrator: Unknown artifact type: platform_presence
14:23:59 [WARNING] src.plugins.builtins.image_match_plugin: face_recognition module not available, image match plugin disabled
14:23:59 [WARNING] src.plugins.manager: No plugins available for artifact type: platform_presence
14:23:59 [INFO] src.orchestrator: Plugin system processed 0 plugins, discovered 0 artifacts
14:23:59 [INFO] src.orchestrator: Processing: platform_presence=https://keybase.io/test (depth=2, queue_size=8)
14:23:59 [WARNING] src.orchestrator: Unknown artifact type: platform_presence
14:23:59 [WARNING] src.plugins.builtins.image_match_plugin: face_recognition module not available, image match plugin disabled
14:23:59 [WARNING] src.plugins.manager: No plugins available for artifact type: platform_presence
14:23:59 [INFO] src.orchestrator: Plugin system processed 0 plugins, discovered 0 artifacts
14:23:59 [INFO] src.orchestrator: Processing: platform_presence=https://hacker-news.firebaseio.com/v0/user/test.json (depth=2, queue_size=7)
14:23:59 [WARNING] src.orchestrator: Unknown artifact type: platform_presence
14:23:59 [WARNING] src.plugins.builtins.image_match_plugin: face_recognition module not available, image match plugin disabled
14:23:59 [WARNING] src.plugins.manager: No plugins available for artifact type: platform_presence
14:23:59 [INFO] src.orchestrator: Plugin system processed 0 plugins, discovered 0 artifacts
14:23:59 [INFO] src.orchestrator: Processing: platform_presence=https://www.pinterest.com/test/ (depth=2, queue_size=6)
14:23:59 [WARNING] src.orchestrator: Unknown artifact type: platform_presence
14:23:59 [WARNING] src.plugins.builtins.image_match_plugin: face_recognition module not available, image match plugin disabled
14:23:59 [WARNING] src.plugins.manager: No plugins available for artifact type: platform_presence
14:23:59 [INFO] src.orchestrator: Plugin system processed 0 plugins, discovered 0 artifacts
14:23:59 [INFO] src.orchestrator: Processing: platform_presence=https://medium.com/@test (depth=2, queue_size=5)
14:23:59 [WARNING] src.orchestrator: Unknown artifact type: platform_presence
14:23:59 [WARNING] src.plugins.builtins.image_match_plugin: face_recognition module not available, image match plugin disabled
14:23:59 [WARNING] src.plugins.manager: No plugins available for artifact type: platform_presence
14:23:59 [INFO] src.orchestrator: Plugin system processed 0 plugins, discovered 0 artifacts
14:23:59 [INFO] src.orchestrator: Processing: ip=104.20.23.154 (depth=2, queue_size=4)
14:23:59 [WARNING] src.orchestrator: Unknown artifact type: ip
14:23:59 [WARNING] src.plugins.builtins.image_match_plugin: face_recognition module not available, image match plugin disabled
14:23:59 [INFO] src.orchestrator: Plugin system processed 1 plugins, discovered 0 artifacts
14:23:59 [INFO] src.orchestrator: Processing: ip=172.66.147.243 (depth=2, queue_size=3)
14:23:59 [WARNING] src.orchestrator: Unknown artifact type: ip
14:23:59 [WARNING] src.plugins.builtins.image_match_plugin: face_recognition module not available, image match plugin disabled
14:23:59 [INFO] src.orchestrator: Plugin system processed 1 plugins, discovered 0 artifacts
14:23:59 [INFO] src.orchestrator: Processing: mail_server=0 . (depth=2, queue_size=2)
14:23:59 [WARNING] src.orchestrator: Unknown artifact type: mail_server
14:23:59 [WARNING] src.plugins.builtins.image_match_plugin: face_recognition module not available, image match plugin disabled
14:23:59 [WARNING] src.plugins.manager: No plugins available for artifact type: mail_server
14:23:59 [INFO] src.orchestrator: Plugin system processed 0 plugins, discovered 0 artifacts
14:23:59 [INFO] src.orchestrator: Processing: nameserver=hera.ns.cloudflare.com. (depth=2, queue_size=1)
14:23:59 [WARNING] src.orchestrator: Unknown artifact type: nameserver
14:23:59 [WARNING] src.plugins.builtins.image_match_plugin: face_recognition module not available, image match plugin disabled
14:23:59 [WARNING] src.plugins.manager: No plugins available for artifact type: nameserver
14:23:59 [INFO] src.orchestrator: Plugin system processed 0 plugins, discovered 0 artifacts
14:23:59 [INFO] src.orchestrator: Processing: nameserver=elliott.ns.cloudflare.com. (depth=2, queue_size=0)
14:23:59 [WARNING] src.orchestrator: Unknown artifact type: nameserver
14:23:59 [WARNING] src.plugins.builtins.image_match_plugin: face_recognition module not available, image match plugin disabled
14:23:59 [WARNING] src.plugins.manager: No plugins available for artifact type: nameserver
14:23:59 [INFO] src.orchestrator: Plugin system processed 0 plugins, discovered 0 artifacts
14:23:59 [INFO] src.orchestrator: BFS processing complete. Processed 20 artifacts
14:23:59 [INFO] src.orchestrator: Summary: 20 artifacts, 19 links, 10 platform presences
14:23:59 [INFO] src.modules.correlation: Correlation analysis: 20 artifacts, 19 links, 1 components
14:23:59 [INFO] src.orchestrator: Correlation analysis: 1 connected components, largest component size: 20
14:23:59 [INFO] src.orchestrator: Investigation INV-f28a3049 complete: 20 artifacts, 19 links, 10 platforms, 0 risk indicators
14:23:59 [INFO] src.correlation.linker: Correlation complete: 18 nodes, 17 edges, 1 identities
14:23:59 [INFO] src.graph.visualizer: Graph saved to /var/folders/73/s7vzm9_d65n7bx0pjs4gmsmm0000gn/T/tmpzuly4jyu.html (18 nodes, 17 edges)
