15:15:07 [INFO] root: Logging to file: logs/dhaya_20260801_151507.log
15:15:07 [INFO] src.orchestrator: Starting investigation with 1 seed artifact(s)
15:15:07 [INFO] src.orchestrator: Available external tools: 0
15:15:07 [INFO] src.orchestrator: Missing external tools: 35
15:15:07 [INFO] src.plugins.registry: Registered plugin: SherlockPlugin
15:15:07 [INFO] src.plugins.registry: Registered plugin: WhoisPlugin
15:15:07 [INFO] src.plugins.registry: Registered plugin: UsernameSearchPlugin
15:15:07 [INFO] src.plugins.registry: Registered plugin: TheHarvesterPlugin
15:15:07 [INFO] src.plugins.registry: Registered plugin: DigPlugin
15:15:07 [INFO] src.plugins.registry: Registered plugin: EmailBreachPlugin
15:15:07 [INFO] src.plugins.registry: Registered plugin: ImageMatchPlugin
15:15:07 [INFO] src.plugins.registry: Registered plugin: GoogleDorksPlugin
15:15:07 [INFO] src.plugins.registry: Registered plugin: ShodanPlugin
15:15:07 [INFO] src.plugins.registry: Registered plugin: PhoneValidationPlugin
15:15:08 [INFO] src.orchestrator: Available plugins: 7
15:15:08 [INFO] src.orchestrator: Created investigation: INV-14093707
15:15:08 [INFO] src.orchestrator: Starting BFS processing with 1 artifacts in queue
15:15:08 [INFO] src.orchestrator: Processing: username=dhayanidhi.r@gmail.com (depth=0, queue_size=0)
15:15:08 [ERROR] src.modules.username_search: Exception checking Reddit: name 'requests' is not defined
15:15:08 [INFO] src.modules.username_search: Found dhayanidhi.r@gmail.com on Steam
15:15:08 [ERROR] src.modules.username_search: Exception checking GitLab: name 'requests' is not defined
15:15:08 [INFO] src.modules.username_search: Found dhayanidhi.r@gmail.com on Mastodon
15:15:09 [INFO] src.modules.username_search: Found dhayanidhi.r@gmail.com on Instagram
15:15:09 [INFO] src.modules.username_search: Found dhayanidhi.r@gmail.com on Pinterest
15:15:18 [WARNING] urllib3.connectionpool: Retrying (Retry(total=1, connect=None, read=None, redirect=None, status=None)) after connection broken by 'ConnectTimeoutError(<HTTPSConnection(host='news.ycombinator.com', port=443) at 0x112efd120>, 'Connection to news.ycombinator.com timed out. (connect timeout=10)')': /user?id=dhayanidhi.r@gmail.com
15:15:30 [WARNING] urllib3.connectionpool: Retrying (Retry(total=0, connect=None, read=None, redirect=None, status=None)) after connection broken by 'ConnectTimeoutError(<HTTPSConnection(host='news.ycombinator.com', port=443) at 0x112ebdba0>, 'Connection to news.ycombinator.com timed out. (connect timeout=10)')': /user?id=dhayanidhi.r@gmail.com
15:15:40 [ERROR] src.modules.username_search: Exception checking HackerNews: name 'requests' is not defined
15:15:40 [INFO] src.modules.username_search: Username search complete: dhayanidhi.r@gmail.com → found on 4/12 platforms
15:15:40 [INFO] src.modules.google_dorks: Limiting patterns from 9 to 3 to avoid rate limiting
15:15:40 [INFO] src.modules.google_dorks: Searching for username 'dhayanidhi.r@gmail.com' with 3 dork patterns
15:15:40 [INFO] src.modules.google_dorks: Pattern 'simple_search' found 10 results
15:15:40 [INFO] src.modules.google_dorks: DuckDuckGo search found 0 results for pattern 'social_platforms'
15:15:40 [WARNING] src.modules.google_dorks: Pattern 'social_platforms' failed: None
15:15:40 [INFO] src.modules.google_dorks: DuckDuckGo search found 0 results for pattern 'profile_pages'
15:15:40 [WARNING] src.modules.google_dorks: Pattern 'profile_pages' failed: None
15:15:40 [INFO] src.modules.google_dorks: Google Dorks search discovered 20 artifacts
15:15:40 [INFO] src.orchestrator: Google Dorks found 20 artifacts for username dhayanidhi.r@gmail.com
15:15:40 [INFO] src.modules.google_dorks: Limiting patterns from 9 to 3 to avoid rate limiting
15:15:40 [INFO] src.modules.google_dorks: Searching for username 'dhayanidhi.r@gmail.com' with 3 dork patterns
15:15:40 [INFO] src.modules.google_dorks: Pattern 'social_platforms' found 0 results
15:15:40 [INFO] src.modules.google_dorks: Pattern 'simple_search' found 1 results
15:15:40 [INFO] src.modules.google_dorks: Pattern 'profile_pages' found 0 results
15:15:40 [INFO] src.modules.google_dorks: Google Dorks search discovered 2 artifacts
15:15:40 [INFO] src.modules.username_search: Found dhayanidhi.r@gmail.com on Mastodon
15:15:41 [ERROR] src.modules.username_search: Exception checking Reddit: name 'requests' is not defined
15:15:41 [ERROR] src.modules.username_search: Exception checking GitLab: name 'requests' is not defined
15:15:41 [INFO] src.modules.username_search: Found dhayanidhi.r@gmail.com on Steam
15:15:41 [INFO] src.modules.username_search: Found dhayanidhi.r@gmail.com on Instagram
15:15:41 [INFO] src.modules.username_search: Found dhayanidhi.r@gmail.com on Medium
15:15:41 [INFO] src.modules.username_search: Found dhayanidhi.r@gmail.com on Pinterest
15:15:50 [WARNING] urllib3.connectionpool: Retrying (Retry(total=1, connect=None, read=None, redirect=None, status=None)) after connection broken by 'ConnectTimeoutError(<HTTPSConnection(host='news.ycombinator.com', port=443) at 0x11302a1a0>, 'Connection to news.ycombinator.com timed out. (connect timeout=10)')': /user?id=dhayanidhi.r@gmail.com
15:16:02 [WARNING] urllib3.connectionpool: Retrying (Retry(total=0, connect=None, read=None, redirect=None, status=None)) after connection broken by 'ConnectTimeoutError(<HTTPSConnection(host='news.ycombinator.com', port=443) at 0x112efc220>, 'Connection to news.ycombinator.com timed out. (connect timeout=10)')': /user?id=dhayanidhi.r@gmail.com
15:16:12 [ERROR] src.modules.username_search: Exception checking HackerNews: name 'requests' is not defined
15:16:12 [INFO] src.modules.username_search: Username search complete: dhayanidhi.r@gmail.com → found on 5/12 platforms
15:16:12 [INFO] src.orchestrator: Plugin system processed 2 plugins, discovered 2 artifacts
15:16:12 [INFO] src.orchestrator: Processing: platform_presence=https://steamcommunity.com/id/dhayanidhi.r@gmail.com (depth=1, queue_size=18)
15:16:12 [WARNING] src.orchestrator: Unknown artifact type: platform_presence
15:16:12 [WARNING] src.plugins.manager: No plugins available for artifact type: platform_presence
15:16:12 [INFO] src.orchestrator: Plugin system processed 0 plugins, discovered 0 artifacts
15:16:12 [INFO] src.orchestrator: Processing: platform_presence=https://mastodon.social/@dhayanidhi.r@gmail.com (depth=1, queue_size=17)
15:16:12 [WARNING] src.orchestrator: Unknown artifact type: platform_presence
15:16:12 [WARNING] src.plugins.manager: No plugins available for artifact type: platform_presence
15:16:12 [INFO] src.orchestrator: Plugin system processed 0 plugins, discovered 0 artifacts
15:16:12 [INFO] src.orchestrator: Processing: platform_presence=https://www.instagram.com/dhayanidhi.r@gmail.com/ (depth=1, queue_size=16)
15:16:12 [WARNING] src.orchestrator: Unknown artifact type: platform_presence
15:16:12 [WARNING] src.plugins.manager: No plugins available for artifact type: platform_presence
15:16:12 [INFO] src.orchestrator: Plugin system processed 0 plugins, discovered 0 artifacts
15:16:12 [INFO] src.orchestrator: Processing: platform_presence=https://www.pinterest.com/dhayanidhi.r@gmail.com/ (depth=1, queue_size=15)
15:16:12 [WARNING] src.orchestrator: Unknown artifact type: platform_presence
15:16:12 [WARNING] src.plugins.manager: No plugins available for artifact type: platform_presence
15:16:12 [INFO] src.orchestrator: Plugin system processed 0 plugins, discovered 0 artifacts
15:16:12 [INFO] src.orchestrator: Processing: username=login?service=mail (depth=1, queue_size=14)
15:16:12 [ERROR] src.modules.username_search: Exception checking Reddit: name 'requests' is not defined
15:16:13 [ERROR] src.modules.username_search: Exception checking GitLab: name 'requests' is not defined
15:16:13 [INFO] src.modules.username_search: Found login?service=mail on Steam
15:16:13 [INFO] src.modules.username_search: Found login?service=mail on Mastodon
15:16:13 [INFO] src.modules.username_search: Found login?service=mail on Instagram
15:16:13 [INFO] src.modules.username_search: Found login?service=mail on Keybase
15:16:13 [INFO] src.modules.username_search: Found login?service=mail on Medium
15:16:23 [WARNING] urllib3.connectionpool: Retrying (Retry(total=1, connect=None, read=None, redirect=None, status=None)) after connection broken by 'ConnectTimeoutError(<HTTPSConnection(host='news.ycombinator.com', port=443) at 0x113061600>, 'Connection to news.ycombinator.com timed out. (connect timeout=10)')': /user?id=login?service=mail
15:16:35 [WARNING] urllib3.connectionpool: Retrying (Retry(total=0, connect=None, read=None, redirect=None, status=None)) after connection broken by 'ConnectTimeoutError(<HTTPSConnection(host='news.ycombinator.com', port=443) at 0x113006920>, 'Connection to news.ycombinator.com timed out. (connect timeout=10)')': /user?id=login?service=mail
