07:44:03 [INFO] root: Logging to file: logs/dhaya_20260802_074403.log
07:44:03 [INFO] src.orchestrator: Starting investigation with 1 seed artifact(s)
07:44:03 [INFO] src.orchestrator: Available external tools: 0
07:44:03 [INFO] src.orchestrator: Missing external tools: 35
07:44:03 [INFO] src.plugins.registry: Registered plugin: SherlockPlugin
07:44:03 [INFO] src.plugins.registry: Registered plugin: WhoisPlugin
07:44:03 [INFO] src.plugins.registry: Registered plugin: UsernameSearchPlugin
07:44:03 [INFO] src.plugins.registry: Registered plugin: ProfileImagePlugin
07:44:03 [INFO] src.plugins.registry: Registered plugin: TheHarvesterPlugin
07:44:03 [INFO] src.plugins.registry: Registered plugin: DigPlugin
07:44:03 [INFO] src.plugins.registry: Registered plugin: EmailBreachPlugin
07:44:03 [INFO] src.plugins.registry: Registered plugin: ImageMatchPlugin
07:44:03 [INFO] src.plugins.registry: Registered plugin: GoogleDorksPlugin
07:44:03 [INFO] src.plugins.registry: Registered plugin: ShodanPlugin
07:44:03 [INFO] src.plugins.registry: Registered plugin: PhoneValidationPlugin
07:44:03 [INFO] src.orchestrator: Available plugins: 8
07:44:03 [INFO] src.orchestrator: Created investigation: INV-2d6e2b64
07:44:03 [INFO] src.orchestrator: Starting BFS processing with 1 artifacts in queue
07:44:03 [INFO] src.orchestrator: Processing BFS level 1: 1 artifact(s) (elapsed=0.0s, workers=1)
07:44:03 [INFO] src.modules.image_match: Starting identity search for: dhayanidhi rajasekaran
