15:44:24 [INFO] root: Logging to file: logs/dhaya_20260801_154424.log
15:44:24 [INFO] src.orchestrator: Starting investigation with 1 seed artifact(s)
15:44:24 [INFO] src.plugins.registry: Registered plugin: SherlockPlugin
15:44:24 [INFO] src.plugins.registry: Registered plugin: WhoisPlugin
15:44:24 [INFO] src.plugins.registry: Registered plugin: UsernameSearchPlugin
15:44:24 [INFO] src.plugins.registry: Registered plugin: TheHarvesterPlugin
15:44:24 [INFO] src.plugins.registry: Registered plugin: DigPlugin
15:44:24 [INFO] src.plugins.registry: Registered plugin: EmailBreachPlugin
15:44:24 [INFO] src.plugins.registry: Registered plugin: ImageMatchPlugin
15:44:24 [INFO] src.plugins.registry: Registered plugin: GoogleDorksPlugin
15:44:24 [INFO] src.plugins.registry: Registered plugin: ShodanPlugin
15:44:24 [INFO] src.plugins.registry: Registered plugin: PhoneValidationPlugin
15:44:24 [INFO] src.orchestrator: Available plugins: 7
15:44:24 [INFO] src.orchestrator: Created investigation: INV-19546e1a
15:44:24 [INFO] src.orchestrator: Starting BFS processing with 1 artifacts in queue
15:44:24 [INFO] src.orchestrator: Processing: email=dhayanidhi.r@gmail.com (depth=0, queue_size=0)
15:44:24 [INFO] src.modules.email_osint: Email analysis complete: dhayanidhi.r@gmail.com → disposable=False, breaches=0, platforms=0
15:44:24 [INFO] src.modules.breach_check: No HIBP API key provided - using mock breach data for demonstration
15:44:24 [INFO] src.modules.breach_check: Breach check complete: dhayanidhi.r@gmail.com → 1 breaches, risk=high
15:44:24 [INFO] src.orchestrator: Found 1 breaches for email dhayanidhi.r@gmail.com: Adobe
15:44:24 [WARNING] src.orchestrator: Breach check warning: Using mock data - HIBP API key required for real breach checks
15:44:24 [INFO] src.modules.email_osint: Email analysis complete: dhayanidhi.r@gmail.com → disposable=False, breaches=0, platforms=0
15:44:24 [INFO] src.orchestrator: Plugin system processed 1 plugins, discovered 0 artifacts
15:44:24 [INFO] src.orchestrator: Processing: breach_data=Adobe (2013-10-04) (depth=1, queue_size=1)
15:44:24 [WARNING] src.orchestrator: Unknown artifact type: breach_data
15:44:24 [WARNING] src.plugins.manager: No plugins available for artifact type: breach_data
15:44:24 [INFO] src.orchestrator: Plugin system processed 0 plugins, discovered 0 artifacts
15:44:24 [INFO] src.orchestrator: Processing: username=dhayanidhi.r (depth=1, queue_size=0)
15:44:24 [ERROR] src.modules.username_search: Exception checking Medium: name 'requests' is not defined
15:44:24 [ERROR] src.modules.username_search: Exception checking Keybase: name 'requests' is not defined
15:44:24 [ERROR] src.modules.username_search: Exception checking LinkedIn: name 'requests' is not defined
15:44:24 [ERROR] src.modules.username_search: Exception checking Twitter/X: name 'requests' is not defined
15:44:24 [ERROR] src.modules.username_search: Exception checking HackerNews: name 'requests' is not defined
15:44:24 [ERROR] src.modules.username_search: Exception checking GitHub: name 'requests' is not defined
15:44:24 [ERROR] src.modules.username_search: Exception checking Reddit: name 'requests' is not defined
15:44:24 [ERROR] src.modules.username_search: Exception checking GitLab: name 'requests' is not defined
15:44:24 [ERROR] src.modules.username_search: Exception checking Instagram: name 'requests' is not defined
15:44:24 [ERROR] src.modules.username_search: Exception checking Pinterest: name 'requests' is not defined
15:44:24 [ERROR] src.modules.username_search: Exception checking Steam: name 'requests' is not defined
15:44:24 [ERROR] src.modules.username_search: Exception checking Mastodon: name 'requests' is not defined
15:44:24 [INFO] src.modules.username_search: Username search complete: dhayanidhi.r → found on 0/12 platforms
15:44:24 [INFO] src.modules.google_dorks: Limiting patterns from 8 to 3 to avoid rate limiting
15:44:24 [INFO] src.modules.google_dorks: Searching for username 'dhayanidhi.r' with 3 dork patterns
15:44:24 [ERROR] src.modules.username_search: Exception checking Twitter/X: name 'requests' is not defined
15:44:24 [ERROR] src.modules.username_search: Exception checking HackerNews: name 'requests' is not defined
15:44:24 [ERROR] src.modules.username_search: Exception checking Reddit: name 'requests' is not defined
15:44:24 [ERROR] src.modules.username_search: Exception checking Keybase: name 'requests' is not defined
15:44:24 [ERROR] src.modules.username_search: Exception checking Pinterest: name 'requests' is not defined
15:44:24 [ERROR] src.modules.username_search: Exception checking GitLab: name 'requests' is not defined
15:44:24 [ERROR] src.modules.username_search: Exception checking LinkedIn: name 'requests' is not defined
15:44:24 [ERROR] src.modules.username_search: Exception checking GitHub: name 'requests' is not defined
15:44:24 [ERROR] src.modules.username_search: Exception checking Medium: name 'requests' is not defined
15:44:24 [ERROR] src.modules.username_search: Exception checking Instagram: name 'requests' is not defined
15:44:24 [ERROR] src.modules.username_search: Exception checking Steam: name 'requests' is not defined
15:44:24 [ERROR] src.modules.username_search: Exception checking Mastodon: name 'requests' is not defined
15:44:24 [INFO] src.modules.username_search: Username search complete: dhayanidhi.r → found on 0/12 platforms
15:44:26 [WARNING] src.modules.google_dorks: Google rate limited (429) for query: site:twitter.com "dhayanidhi.r" OR site:linkedin.com "dhayanidhi.r" OR site:github.com "dhayanidhi.r" OR site:instagram.com "dhayanidhi.r"
15:44:26 [WARNING] src.modules.google_dorks: Pattern 'social_platforms' failed: Rate limited by Google (429)
15:44:26 [WARNING] src.modules.google_dorks: Google rate limited (429) for query: dhayanidhi.r
15:44:26 [WARNING] src.modules.google_dorks: Pattern 'simple_search' failed: Rate limited by Google (429)
15:44:28 [WARNING] src.modules.google_dorks: Google rate limited (429) for query: intitle:"profile" "dhayanidhi.r" OR intitle:"user" "dhayanidhi.r"
15:44:28 [WARNING] src.modules.google_dorks: Pattern 'profile_pages' failed: Rate limited by Google (429)
15:44:28 [INFO] src.modules.google_dorks: Google Dorks search discovered 0 artifacts
15:44:28 [INFO] src.orchestrator: Plugin system processed 2 plugins, discovered 0 artifacts
15:44:28 [INFO] src.orchestrator: BFS processing complete. Processed 3 artifacts
15:44:28 [INFO] src.orchestrator: Summary: 3 artifacts, 2 links, 0 platform presences
15:44:28 [INFO] src.modules.correlation: Correlation analysis: 3 artifacts, 2 links, 1 components
15:44:28 [INFO] src.orchestrator: Correlation analysis: 1 connected components, largest component size: 3
