07:44:33 [INFO] root: Logging to file: logs/dhaya_20260802_074433.log
07:44:33 [INFO] src.orchestrator: Starting investigation with 1 seed artifact(s)
07:44:33 [INFO] src.orchestrator: Available external tools: 0
07:44:33 [INFO] src.orchestrator: Missing external tools: 35
07:44:33 [INFO] src.plugins.registry: Registered plugin: SherlockPlugin
07:44:33 [INFO] src.plugins.registry: Registered plugin: WhoisPlugin
07:44:33 [INFO] src.plugins.registry: Registered plugin: UsernameSearchPlugin
07:44:33 [INFO] src.plugins.registry: Registered plugin: ProfileImagePlugin
07:44:33 [INFO] src.plugins.registry: Registered plugin: TheHarvesterPlugin
07:44:33 [INFO] src.plugins.registry: Registered plugin: DigPlugin
07:44:33 [INFO] src.plugins.registry: Registered plugin: EmailBreachPlugin
07:44:33 [INFO] src.plugins.registry: Registered plugin: ImageMatchPlugin
07:44:33 [INFO] src.plugins.registry: Registered plugin: GoogleDorksPlugin
07:44:33 [INFO] src.plugins.registry: Registered plugin: ShodanPlugin
07:44:33 [INFO] src.plugins.registry: Registered plugin: PhoneValidationPlugin
07:44:34 [INFO] src.orchestrator: Available plugins: 8
07:44:34 [INFO] src.orchestrator: Created investigation: INV-4410c069
07:44:34 [INFO] src.orchestrator: Starting BFS processing with 1 artifacts in queue
07:44:34 [INFO] src.orchestrator: Processing BFS level 1: 1 artifact(s) (elapsed=0.0s, workers=1)
07:44:34 [INFO] src.modules.image_match: Starting identity search for: dhayanidhi rajasekaran
07:44:38 [INFO] src.modules.image_match: Found 1 images for dhayanidhi rajasekaran
07:44:39 [WARNING] src.modules.image_match: No reference face encoding found
07:44:39 [INFO] src.modules.image_match: Identity search complete for dhayanidhi rajasekaran: 1 images, 0 face matches, probability=0.13
07:44:39 [INFO] src.orchestrator: Image match complete for dhayanidhi rajasekaran: 1 images, 0 face matches, probability=0.13
07:44:39 [INFO] src.plugins.builtins.image_match_plugin: Starting image match for: dhayanidhi rajasekaran
07:44:39 [INFO] src.modules.image_match: Starting identity search for: dhayanidhi rajasekaran
07:44:41 [INFO] src.modules.image_match: Found 0 images for dhayanidhi rajasekaran
07:44:41 [WARNING] src.modules.image_match: No reference face encoding found
07:44:41 [INFO] src.modules.image_match: Identity search complete for dhayanidhi rajasekaran: 0 images, 0 face matches, probability=0.00
07:44:41 [INFO] src.plugins.builtins.image_match_plugin: Image match complete: 0 images, 0 face matches, probability=0.00
07:44:41 [INFO] src.orchestrator: Plugin system processed 1 plugins, discovered 0 artifacts
07:44:41 [INFO] src.orchestrator: BFS level 1 done in 7.5s (parallel=7.5s, db=0.0s); processed=1, seen=2, next_level=0
07:44:41 [INFO] src.orchestrator: BFS processing complete: 1 artifact(s) processed across 1 level(s) in 7.5s
07:44:41 [INFO] src.orchestrator: Summary: 2 artifacts, 1 links, 0 platform presences
07:44:41 [INFO] src.modules.correlation: Correlation analysis: 2 artifacts, 1 links, 1 components
07:44:41 [INFO] src.orchestrator: Correlation analysis: 1 connected components, largest component size: 2
07:44:41 [INFO] src.orchestrator: Investigation INV-4410c069 complete: 2 artifacts, 1 links, 0 platforms, 0 risk indicators (finalize/correlation=0.0s, total=7.5s)
07:44:41 [INFO] src.correlation.linker: Correlation complete: 1 nodes, 0 edges, 1 identities
07:44:41 [INFO] src.graph.visualizer: Graph saved to /var/folders/73/s7vzm9_d65n7bx0pjs4gmsmm0000gn/T/tmpz3edl3xu.html (1 nodes, 0 edges)
07:44:41 [INFO] src.reporting.html_report: ============================================================
07:44:41 [INFO] src.reporting.html_report: INVESTIGATION RECOMMENDATIONS
07:44:41 [INFO] src.reporting.html_report: ============================================================
07:44:41 [INFO] src.reporting.html_report: [LOW Priority - Investigation Depth]
07:44:41 [INFO] src.reporting.html_report:   Action: Consider deeper investigation
07:44:41 [INFO] src.reporting.html_report:   Details: Current investigation depth: 1. Consider increasing depth for more comprehensive results
07:44:41 [INFO] src.reporting.html_report: ------------------------------------------------------------
07:44:41 [INFO] src.reporting.html_report: HTML report saved to reports/INV-4410c069_report.html
