13:27:49 [INFO] root: Logging to file: logs/dhaya_20260802_132749.log
13:27:49 [INFO] src.orchestrator: Starting investigation with 1 seed artifact(s)
13:27:49 [INFO] src.orchestrator: Available external tools: 0
13:27:49 [INFO] src.orchestrator: Missing external tools: 35
13:27:49 [INFO] src.plugins.registry: Registered plugin: ExifToolPlugin
13:27:49 [INFO] src.plugins.registry: Registered plugin: SherlockPlugin
13:27:49 [INFO] src.plugins.registry: Registered plugin: WhoisPlugin
13:27:49 [INFO] src.plugins.registry: Registered plugin: Sublist3rPlugin
13:27:49 [INFO] src.plugins.registry: Registered plugin: UsernameSearchPlugin
13:27:49 [INFO] src.plugins.registry: Registered plugin: WaybackMachinePlugin
13:27:49 [INFO] src.plugins.registry: Registered plugin: NmapPlugin
13:27:49 [INFO] src.plugins.registry: Registered plugin: AmassPlugin
13:27:49 [INFO] src.plugins.registry: Registered plugin: ProfileImagePlugin
13:27:49 [INFO] src.plugins.registry: Registered plugin: TheHarvesterPlugin
13:27:49 [INFO] src.plugins.registry: Registered plugin: DigPlugin
13:27:49 [INFO] src.plugins.registry: Registered plugin: EmailBreachPlugin
13:27:49 [INFO] src.plugins.registry: Registered plugin: OsrframeworkPlugin
13:27:49 [INFO] src.plugins.registry: Registered plugin: SubfinderPlugin
13:27:49 [INFO] src.plugins.registry: Registered plugin: ImageMatchPlugin
13:27:49 [INFO] src.plugins.registry: Registered plugin: GoogleDorksPlugin
13:27:49 [INFO] src.plugins.registry: Registered plugin: WhatWebPlugin
13:27:49 [INFO] src.plugins.registry: Registered plugin: ShodanPlugin
13:27:49 [INFO] src.plugins.registry: Registered plugin: MaigretPlugin
13:27:49 [INFO] src.plugins.registry: Registered plugin: HolehePlugin
13:27:49 [INFO] src.plugins.registry: Registered plugin: PhoneValidationPlugin
13:27:49 [INFO] src.orchestrator: Available plugins: 9
13:27:49 [INFO] src.orchestrator: Created investigation: INV-7eae9f7f
13:27:49 [INFO] src.orchestrator: Starting BFS processing with 1 artifacts in queue
13:27:49 [INFO] src.orchestrator: Processing BFS level 1: 1 artifact(s) (elapsed=0.0s, workers=1)
13:27:49 [INFO] src.modules.username_search: Found mail2dhaya on GitHub
13:27:52 [INFO] src.modules.username_search: Username search complete: mail2dhaya → found on 1/12 platforms
13:27:52 [INFO] src.modules.google_dorks: Limiting patterns from 8 to 3 to avoid rate limiting
13:27:52 [INFO] src.modules.google_dorks: Searching for username 'mail2dhaya' with 3 dork patterns
13:27:52 [INFO] src.modules.google_dorks: Pattern 'profile_pages' found 1 results
13:27:52 [INFO] src.modules.google_dorks: Pattern 'social_platforms' found 1 results
13:27:52 [INFO] src.modules.google_dorks: Pattern 'simple_search' found 1 results
13:27:52 [INFO] src.modules.google_dorks: Google Dorks search discovered 6 artifacts
13:27:52 [INFO] src.orchestrator: Google Dorks found 6 artifacts for mail2dhaya
13:27:52 [INFO] src.modules.google_dorks: Limiting patterns from 8 to 3 to avoid rate limiting
13:27:52 [INFO] src.modules.google_dorks: Searching for username 'mail2dhaya' with 3 dork patterns
13:27:52 [INFO] src.modules.username_search: Found mail2dhaya on GitHub
13:27:52 [INFO] src.modules.username_search: Username search complete: mail2dhaya → found on 1/12 platforms
13:27:52 [INFO] src.modules.google_dorks: Pattern 'social_platforms' found 1 results
13:27:52 [INFO] src.modules.google_dorks: Pattern 'simple_search' found 1 results
13:27:52 [INFO] src.modules.google_dorks: Pattern 'profile_pages' found 1 results
13:27:52 [INFO] src.modules.google_dorks: Google Dorks search discovered 6 artifacts
13:27:52 [INFO] src.orchestrator: Plugin system processed 2 plugins, discovered 6 artifacts
13:27:52 [INFO] src.orchestrator: BFS level 1 done in 3.2s (parallel=3.2s, db=0.0s); processed=1, seen=5, next_level=4
13:27:52 [INFO] src.orchestrator: Processing BFS level 2: 4 artifact(s) (elapsed=3.2s, workers=4)
13:27:52 [INFO] src.plugins.builtins.profile_image_plugin: Extracting profile image from: https://github.com/mail2dhaya
13:27:52 [WARNING] src.plugins.manager: No plugins available for artifact type: image
13:27:52 [INFO] src.orchestrator: Plugin system processed 0 plugins, discovered 0 artifacts
13:27:52 [INFO] src.modules.external_tools: Running whois: whois support.google.com
13:27:52 [INFO] src.modules.external_tools: Running dig: dig support.google.com A +short
13:27:52 [INFO] src.modules.external_tools: Dig found 1 A records for support.google.com
13:27:52 [INFO] src.orchestrator: Dig found 1 artifacts for support.google.com
13:27:53 [INFO] src.modules.username_search: Found websearch on GitHub
13:27:53 [INFO] src.plugins.builtins.profile_image_plugin: Found profile image for https://github.com/mail2dhaya: https://avatars.githubusercontent.com/u/7057030?v=4
13:27:53 [INFO] src.orchestrator: Plugin system processed 1 plugins, discovered 1 artifacts
13:27:53 [INFO] src.modules.external_tools: Whois lookup completed for support.google.com
13:27:53 [INFO] src.orchestrator: Whois found 1 artifacts for support.google.com
13:27:54 [INFO] src.modules.username_search: Found websearch on Pinterest
13:27:54 [INFO] src.modules.username_search: Username search complete: websearch → found on 2/12 platforms
13:27:54 [INFO] src.modules.google_dorks: Limiting patterns from 8 to 3 to avoid rate limiting
13:27:54 [INFO] src.modules.google_dorks: Searching for username 'websearch' with 3 dork patterns
13:27:54 [INFO] src.modules.google_dorks: Pattern 'simple_search' found 1 results
13:27:54 [INFO] src.modules.google_dorks: Pattern 'profile_pages' found 1 results
13:27:54 [INFO] src.modules.google_dorks: Pattern 'social_platforms' found 1 results
13:27:54 [INFO] src.modules.google_dorks: Google Dorks search discovered 6 artifacts
13:27:54 [INFO] src.orchestrator: Google Dorks found 6 artifacts for websearch
13:27:54 [INFO] src.modules.google_dorks: Limiting patterns from 8 to 3 to avoid rate limiting
13:27:54 [INFO] src.modules.google_dorks: Searching for username 'websearch' with 3 dork patterns
13:27:54 [INFO] src.modules.username_search: Found websearch on Pinterest
13:27:54 [INFO] src.modules.username_search: Found websearch on GitHub
13:27:54 [INFO] src.modules.google_dorks: Pattern 'social_platforms' found 1 results
13:27:54 [INFO] src.modules.google_dorks: Pattern 'simple_search' found 1 results
13:27:54 [INFO] src.modules.username_search: Username search complete: websearch → found on 2/12 platforms
13:27:54 [INFO] src.modules.google_dorks: Pattern 'profile_pages' found 1 results
13:27:54 [INFO] src.modules.google_dorks: Google Dorks search discovered 6 artifacts
13:27:54 [INFO] src.orchestrator: Plugin system processed 2 plugins, discovered 6 artifacts
13:28:23 [ERROR] src.modules.external_tools: Wayback Machine error: HTTPConnectionPool(host='web.archive.org', port=80): Read timed out. (read timeout=30)
13:28:23 [INFO] src.orchestrator: Plugin system processed 3 plugins, discovered 1 artifacts
13:28:23 [INFO] src.orchestrator: BFS level 2 done in 30.5s (parallel=30.5s, db=0.0s); processed=5, seen=11, next_level=5
13:28:23 [INFO] src.orchestrator: Processing BFS level 3: 5 artifact(s) (elapsed=33.7s, workers=5)
13:28:23 [WARNING] src.plugins.manager: No plugins available for artifact type: image
13:28:23 [INFO] src.orchestrator: Plugin system processed 0 plugins, discovered 0 artifacts
13:28:23 [WARNING] src.plugins.manager: No plugins available for artifact type: image
13:28:23 [INFO] src.plugins.builtins.profile_image_plugin: Extracting profile image from: https://github.com/webSearch
13:28:23 [INFO] src.plugins.builtins.profile_image_plugin: Extracting profile image from: https://www.pinterest.com/websearch/
13:28:23 [INFO] src.orchestrator: Plugin system processed 0 plugins, discovered 0 artifacts
13:28:23 [INFO] src.orchestrator: Plugin system processed 1 plugins, discovered 0 artifacts
13:28:23 [INFO] src.plugins.builtins.profile_image_plugin: Found profile image for https://github.com/webSearch: https://avatars.githubusercontent.com/u/2688015?s=200&v=4
13:28:23 [INFO] src.orchestrator: Plugin system processed 1 plugins, discovered 1 artifacts
13:28:27 [INFO] src.plugins.builtins.profile_image_plugin: Found profile image for https://www.pinterest.com/websearch/: https://s.pinimg.com/images/default_open_graph_1200.png
13:28:27 [INFO] src.orchestrator: Plugin system processed 1 plugins, discovered 1 artifacts
13:28:27 [INFO] src.orchestrator: BFS level 3 done in 3.9s (parallel=3.9s, db=0.0s); processed=10, seen=11, next_level=0
13:28:27 [INFO] src.orchestrator: BFS processing complete: 10 artifact(s) processed across 3 level(s) in 37.6s
13:28:27 [INFO] src.orchestrator: Summary: 11 artifacts, 12 links, 3 platform presences
13:28:27 [INFO] src.modules.correlation: Correlation analysis: 11 artifacts, 12 links, 1 components
13:28:27 [INFO] src.orchestrator: Correlation analysis: 1 connected components, largest component size: 11
13:28:27 [INFO] src.orchestrator: Found 1 unique risk indicators: file_not_found
13:28:27 [INFO] src.orchestrator: Investigation INV-7eae9f7f complete: 11 artifacts, 12 links, 3 platforms, 1 risk indicators (finalize/correlation=0.0s, total=37.6s)
13:28:27 [INFO] src.correlation.linker: Correlation complete: 1 nodes, 0 edges, 1 identities
13:28:27 [INFO] src.graph.visualizer: Graph saved to /var/folders/73/s7vzm9_d65n7bx0pjs4gmsmm0000gn/T/tmpvg0zxl14.html (1 nodes, 0 edges)
13:28:27 [INFO] src.reporting.html_report: Generated 14 investigation recommendations
13:28:27 [INFO] src.reporting.html_report: HTML report saved to reports/INV-7eae9f7f_report.html
