15:50:01 [INFO] root: Logging to file: logs/dhaya_20260801_155001.log
15:50:01 [INFO] src.orchestrator: Starting investigation with 1 seed artifact(s)
15:50:01 [INFO] src.orchestrator: Available external tools: 0
15:50:01 [INFO] src.orchestrator: Missing external tools: 35
15:50:01 [INFO] src.plugins.registry: Registered plugin: SherlockPlugin
15:50:01 [INFO] src.plugins.registry: Registered plugin: WhoisPlugin
15:50:01 [INFO] src.plugins.registry: Registered plugin: UsernameSearchPlugin
15:50:01 [INFO] src.plugins.registry: Registered plugin: TheHarvesterPlugin
15:50:01 [INFO] src.plugins.registry: Registered plugin: DigPlugin
15:50:01 [INFO] src.plugins.registry: Registered plugin: EmailBreachPlugin
15:50:01 [INFO] src.plugins.registry: Registered plugin: ImageMatchPlugin
15:50:01 [INFO] src.plugins.registry: Registered plugin: GoogleDorksPlugin
15:50:01 [INFO] src.plugins.registry: Registered plugin: ShodanPlugin
15:50:01 [INFO] src.plugins.registry: Registered plugin: PhoneValidationPlugin
15:50:01 [INFO] src.orchestrator: Available plugins: 7
15:50:01 [INFO] src.orchestrator: Created investigation: INV-819c5229
15:50:01 [INFO] src.orchestrator: Starting BFS processing with 1 artifacts in queue
15:50:01 [INFO] src.orchestrator: Processing: email=dhayanidhi.r@gmail.com (depth=0, queue_size=0)
15:50:01 [INFO] src.modules.email_osint: Email analysis complete: dhayanidhi.r@gmail.com → disposable=False, breaches=0, platforms=0
15:50:01 [INFO] src.modules.breach_check: No HIBP API key provided - using mock breach data for demonstration
15:50:01 [INFO] src.modules.breach_check: Breach check complete: dhayanidhi.r@gmail.com → 2 breaches, risk=high
15:50:01 [INFO] src.orchestrator: Found 2 breaches for email dhayanidhi.r@gmail.com: Facebook, Adobe
15:50:01 [WARNING] src.orchestrator: Breach check warning: Using mock data - HIBP API key required for real breach checks
15:50:01 [INFO] src.modules.email_osint: Email analysis complete: dhayanidhi.r@gmail.com → disposable=False, breaches=0, platforms=0
15:50:01 [INFO] src.orchestrator: Plugin system processed 1 plugins, discovered 0 artifacts
15:50:01 [INFO] src.orchestrator: Processing: breach_data=Facebook (2019-04-04) (depth=1, queue_size=3)
15:50:01 [WARNING] src.orchestrator: Unknown artifact type: breach_data
15:50:01 [WARNING] src.plugins.manager: No plugins available for artifact type: breach_data
15:50:01 [INFO] src.orchestrator: Plugin system processed 0 plugins, discovered 0 artifacts
15:50:01 [INFO] src.orchestrator: Processing: breach_data=Adobe (2013-10-04) (depth=1, queue_size=2)
15:50:01 [WARNING] src.orchestrator: Unknown artifact type: breach_data
15:50:01 [WARNING] src.plugins.manager: No plugins available for artifact type: breach_data
15:50:01 [INFO] src.orchestrator: Plugin system processed 0 plugins, discovered 0 artifacts
15:50:01 [INFO] src.orchestrator: Processing: username=dhayanidhi.r (depth=1, queue_size=1)
15:50:02 [ERROR] src.modules.username_search: Exception checking Reddit: 'expected_status'
15:50:02 [ERROR] src.modules.username_search: Exception checking GitLab: 'expected_status'
15:50:02 [INFO] src.modules.username_search: Found dhayanidhi.r on Instagram
15:50:02 [INFO] src.modules.username_search: Found dhayanidhi.r on Steam
15:50:02 [INFO] src.modules.username_search: Found dhayanidhi.r on Medium
15:50:03 [INFO] src.modules.username_search: Found dhayanidhi.r on Pinterest
15:50:11 [WARNING] urllib3.connectionpool: Retrying (Retry(total=1, connect=None, read=None, redirect=None, status=None)) after connection broken by 'ConnectTimeoutError(<HTTPSConnection(host='news.ycombinator.com', port=443) at 0x114c3ba60>, 'Connection to news.ycombinator.com timed out. (connect timeout=10)')': /user?id=dhayanidhi.r
15:50:23 [WARNING] urllib3.connectionpool: Retrying (Retry(total=0, connect=None, read=None, redirect=None, status=None)) after connection broken by 'ConnectTimeoutError(<HTTPSConnection(host='news.ycombinator.com', port=443) at 0x114c3b100>, 'Connection to news.ycombinator.com timed out. (connect timeout=10)')': /user?id=dhayanidhi.r
15:50:34 [INFO] src.modules.username_search: Username search complete: dhayanidhi.r → found on 4/12 platforms
15:50:34 [INFO] src.modules.google_dorks: Limiting patterns from 8 to 3 to avoid rate limiting
15:50:34 [INFO] src.modules.google_dorks: Searching for username 'dhayanidhi.r' with 3 dork patterns
15:50:34 [INFO] src.modules.google_dorks: DuckDuckGo search found 0 results for pattern 'social_platforms'
15:50:34 [WARNING] src.modules.google_dorks: Pattern 'social_platforms' failed: None
15:50:34 [INFO] src.modules.google_dorks: DuckDuckGo search found 0 results for pattern 'simple_search'
15:50:34 [WARNING] src.modules.google_dorks: Pattern 'simple_search' failed: None
15:50:34 [INFO] src.modules.google_dorks: DuckDuckGo search found 0 results for pattern 'profile_pages'
15:50:34 [WARNING] src.modules.google_dorks: Pattern 'profile_pages' failed: None
15:50:34 [INFO] src.modules.google_dorks: Google Dorks search discovered 0 artifacts
15:50:34 [INFO] src.modules.google_dorks: Limiting patterns from 8 to 3 to avoid rate limiting
15:50:34 [INFO] src.modules.google_dorks: Searching for username 'dhayanidhi.r' with 3 dork patterns
15:50:34 [ERROR] src.modules.username_search: Exception checking Reddit: 'expected_status'
15:50:34 [ERROR] src.modules.username_search: Exception checking GitLab: 'expected_status'
15:50:34 [INFO] src.modules.username_search: Found dhayanidhi.r on Steam
15:50:35 [INFO] src.modules.username_search: Found dhayanidhi.r on Instagram
15:50:35 [WARNING] src.modules.google_dorks: Google rate limited (429) for query: dhayanidhi.r
15:50:35 [WARNING] src.modules.google_dorks: Pattern 'simple_search' failed: Rate limited by Google (429)
15:50:35 [INFO] src.modules.username_search: Found dhayanidhi.r on Medium
15:50:35 [WARNING] src.modules.google_dorks: Google rate limited (429) for query: site:twitter.com "dhayanidhi.r" OR site:linkedin.com "dhayanidhi.r" OR site:github.com "dhayanidhi.r" OR site:instagram.com "dhayanidhi.r"
15:50:35 [WARNING] src.modules.google_dorks: Pattern 'social_platforms' failed: Rate limited by Google (429)
15:50:36 [INFO] src.modules.username_search: Found dhayanidhi.r on Pinterest
15:50:37 [WARNING] src.modules.google_dorks: Google rate limited (429) for query: intitle:"profile" "dhayanidhi.r" OR intitle:"user" "dhayanidhi.r"
15:50:37 [WARNING] src.modules.google_dorks: Pattern 'profile_pages' failed: Rate limited by Google (429)
15:50:37 [INFO] src.modules.google_dorks: Google Dorks search discovered 0 artifacts
15:50:44 [WARNING] urllib3.connectionpool: Retrying (Retry(total=1, connect=None, read=None, redirect=None, status=None)) after connection broken by 'ConnectTimeoutError(<HTTPSConnection(host='news.ycombinator.com', port=443) at 0x114dc6110>, 'Connection to news.ycombinator.com timed out. (connect timeout=10)')': /user?id=dhayanidhi.r
15:50:56 [WARNING] urllib3.connectionpool: Retrying (Retry(total=0, connect=None, read=None, redirect=None, status=None)) after connection broken by 'ConnectTimeoutError(<HTTPSConnection(host='news.ycombinator.com', port=443) at 0x114c39f00>, 'Connection to news.ycombinator.com timed out. (connect timeout=10)')': /user?id=dhayanidhi.r
15:51:06 [INFO] src.modules.username_search: Username search complete: dhayanidhi.r → found on 4/12 platforms
15:51:06 [INFO] src.orchestrator: Plugin system processed 2 plugins, discovered 0 artifacts
15:51:06 [INFO] src.orchestrator: Processing: domain=gmail.com (depth=1, queue_size=4)
15:51:06 [WARNING] src.orchestrator: Unknown artifact type: domain
15:51:06 [ERROR] src.orchestrator: External tools processing failed for gmail.com: 'WhoisIntegration' object has no attribute 'search_username'
15:51:06 [INFO] src.orchestrator: Plugin system processed 2 plugins, discovered 10 artifacts
15:51:06 [INFO] src.orchestrator: Processing: platform_presence=https://www.instagram.com/dhayanidhi.r/ (depth=2, queue_size=13)
15:51:06 [WARNING] src.orchestrator: Unknown artifact type: platform_presence
15:51:06 [WARNING] src.plugins.manager: No plugins available for artifact type: platform_presence
15:51:06 [INFO] src.orchestrator: Plugin system processed 0 plugins, discovered 0 artifacts
15:51:06 [INFO] src.orchestrator: Processing: platform_presence=https://steamcommunity.com/id/dhayanidhi.r (depth=2, queue_size=12)
15:51:06 [WARNING] src.orchestrator: Unknown artifact type: platform_presence
15:51:06 [WARNING] src.plugins.manager: No plugins available for artifact type: platform_presence
15:51:06 [INFO] src.orchestrator: Plugin system processed 0 plugins, discovered 0 artifacts
15:51:06 [INFO] src.orchestrator: Processing: platform_presence=https://medium.com/@dhayanidhi.r (depth=2, queue_size=11)
15:51:06 [WARNING] src.orchestrator: Unknown artifact type: platform_presence
15:51:06 [WARNING] src.plugins.manager: No plugins available for artifact type: platform_presence
15:51:06 [INFO] src.orchestrator: Plugin system processed 0 plugins, discovered 0 artifacts
15:51:06 [INFO] src.orchestrator: Processing: platform_presence=https://www.pinterest.com/dhayanidhi.r/ (depth=2, queue_size=10)
15:51:06 [WARNING] src.orchestrator: Unknown artifact type: platform_presence
15:51:06 [WARNING] src.plugins.manager: No plugins available for artifact type: platform_presence
15:51:06 [INFO] src.orchestrator: Plugin system processed 0 plugins, discovered 0 artifacts
15:51:06 [INFO] src.orchestrator: Processing: ip=142.250.183.229 (depth=2, queue_size=9)
15:51:06 [WARNING] src.orchestrator: Unknown artifact type: ip
15:51:06 [INFO] src.orchestrator: Plugin system processed 1 plugins, discovered 0 artifacts
15:51:06 [INFO] src.orchestrator: Processing: mail_server=5 gmail-smtp-in.l.google.com. (depth=2, queue_size=8)
15:51:06 [WARNING] src.orchestrator: Unknown artifact type: mail_server
15:51:06 [WARNING] src.plugins.manager: No plugins available for artifact type: mail_server
15:51:06 [INFO] src.orchestrator: Plugin system processed 0 plugins, discovered 0 artifacts
15:51:06 [INFO] src.orchestrator: Processing: mail_server=30 alt3.gmail-smtp-in.l.google.com. (depth=2, queue_size=7)
15:51:06 [WARNING] src.orchestrator: Unknown artifact type: mail_server
15:51:06 [WARNING] src.plugins.manager: No plugins available for artifact type: mail_server
15:51:06 [INFO] src.orchestrator: Plugin system processed 0 plugins, discovered 0 artifacts
15:51:06 [INFO] src.orchestrator: Processing: mail_server=40 alt4.gmail-smtp-in.l.google.com. (depth=2, queue_size=6)
15:51:06 [WARNING] src.orchestrator: Unknown artifact type: mail_server
15:51:06 [WARNING] src.plugins.manager: No plugins available for artifact type: mail_server
15:51:06 [INFO] src.orchestrator: Plugin system processed 0 plugins, discovered 0 artifacts
15:51:06 [INFO] src.orchestrator: Processing: mail_server=20 alt2.gmail-smtp-in.l.google.com. (depth=2, queue_size=5)
15:51:06 [WARNING] src.orchestrator: Unknown artifact type: mail_server
15:51:06 [WARNING] src.plugins.manager: No plugins available for artifact type: mail_server
15:51:06 [INFO] src.orchestrator: Plugin system processed 0 plugins, discovered 0 artifacts
15:51:06 [INFO] src.orchestrator: Processing: mail_server=10 alt1.gmail-smtp-in.l.google.com. (depth=2, queue_size=4)
15:51:06 [WARNING] src.orchestrator: Unknown artifact type: mail_server
15:51:06 [WARNING] src.plugins.manager: No plugins available for artifact type: mail_server
15:51:06 [INFO] src.orchestrator: Plugin system processed 0 plugins, discovered 0 artifacts
15:51:06 [INFO] src.orchestrator: Processing: nameserver=ns4.google.com. (depth=2, queue_size=3)
15:51:06 [WARNING] src.orchestrator: Unknown artifact type: nameserver
15:51:06 [WARNING] src.plugins.manager: No plugins available for artifact type: nameserver
15:51:06 [INFO] src.orchestrator: Plugin system processed 0 plugins, discovered 0 artifacts
15:51:06 [INFO] src.orchestrator: Processing: nameserver=ns3.google.com. (depth=2, queue_size=2)
15:51:06 [WARNING] src.orchestrator: Unknown artifact type: nameserver
15:51:06 [WARNING] src.plugins.manager: No plugins available for artifact type: nameserver
15:51:06 [INFO] src.orchestrator: Plugin system processed 0 plugins, discovered 0 artifacts
15:51:06 [INFO] src.orchestrator: Processing: nameserver=ns2.google.com. (depth=2, queue_size=1)
15:51:06 [WARNING] src.orchestrator: Unknown artifact type: nameserver
15:51:07 [WARNING] src.plugins.manager: No plugins available for artifact type: nameserver
15:51:07 [INFO] src.orchestrator: Plugin system processed 0 plugins, discovered 0 artifacts
15:51:07 [INFO] src.orchestrator: Processing: nameserver=ns1.google.com. (depth=2, queue_size=0)
15:51:07 [WARNING] src.orchestrator: Unknown artifact type: nameserver
15:51:07 [WARNING] src.plugins.manager: No plugins available for artifact type: nameserver
15:51:07 [INFO] src.orchestrator: Plugin system processed 0 plugins, discovered 0 artifacts
15:51:07 [INFO] src.orchestrator: BFS processing complete. Processed 19 artifacts
15:51:07 [INFO] src.orchestrator: Summary: 19 artifacts, 18 links, 4 platform presences
15:51:07 [INFO] src.modules.correlation: Correlation analysis: 19 artifacts, 18 links, 1 components
15:51:07 [INFO] src.orchestrator: Correlation analysis: 1 connected components, largest component size: 19
15:51:07 [INFO] src.orchestrator: Investigation INV-819c5229 complete: 19 artifacts, 18 links, 4 platforms, 0 risk indicators
15:51:07 [INFO] src.correlation.linker: Correlation complete: 17 nodes, 16 edges, 1 identities
15:51:07 [INFO] src.graph.visualizer: Graph saved to /var/folders/73/s7vzm9_d65n7bx0pjs4gmsmm0000gn/T/tmpx8t49jhr.html (17 nodes, 16 edges)
15:51:07 [INFO] src.reporting.html_report: HTML report saved to reports/INV-819c5229_report.html
