14:43:25 [INFO] root: Logging to file: logs/dhaya_20260801_144325.log
14:43:25 [INFO] src.orchestrator: Starting investigation with 1 seed artifact(s)
14:43:25 [INFO] src.orchestrator: Available external tools: 0
14:43:25 [INFO] src.orchestrator: Missing external tools: 35
14:43:25 [INFO] src.plugins.registry: Registered plugin: SherlockPlugin
14:43:25 [INFO] src.plugins.registry: Registered plugin: WhoisPlugin
14:43:25 [INFO] src.plugins.registry: Registered plugin: UsernameSearchPlugin
14:43:25 [INFO] src.plugins.registry: Registered plugin: TheHarvesterPlugin
14:43:25 [INFO] src.plugins.registry: Registered plugin: DigPlugin
14:43:25 [INFO] src.plugins.registry: Registered plugin: EmailBreachPlugin
14:43:25 [INFO] src.plugins.registry: Registered plugin: ImageMatchPlugin
14:43:25 [INFO] src.plugins.registry: Registered plugin: GoogleDorksPlugin
14:43:25 [INFO] src.plugins.registry: Registered plugin: ShodanPlugin
14:43:25 [INFO] src.plugins.registry: Registered plugin: PhoneValidationPlugin
14:43:25 [INFO] src.config.loader: Configuration loaded from: config/config.yaml
14:43:26 [INFO] src.orchestrator: Available plugins: 7
14:43:26 [INFO] src.orchestrator: Created investigation: INV-b0dee37d
14:43:26 [INFO] src.orchestrator: Starting BFS processing with 1 artifacts in queue
14:43:26 [INFO] src.orchestrator: Processing: username=dhayanidhi.r@gmail.com (depth=0, queue_size=0)
14:43:26 [INFO] src.modules.username_search: Found dhayanidhi.r@gmail.com on Instagram
14:43:27 [INFO] src.modules.username_search: Found dhayanidhi.r@gmail.com on Medium
14:43:27 [INFO] src.modules.username_search: Found dhayanidhi.r@gmail.com on Steam
14:43:27 [INFO] src.modules.username_search: Found dhayanidhi.r@gmail.com on Mastodon (mastodon.social)
14:43:27 [INFO] src.modules.username_search: Found dhayanidhi.r@gmail.com on Pinterest
14:43:27 [INFO] src.modules.username_search: Username search complete: dhayanidhi.r@gmail.com → found on 5/12 platforms
14:43:27 [INFO] src.modules.google_dorks: Limiting patterns from 9 to 3 to avoid rate limiting
14:43:27 [INFO] src.modules.google_dorks: Searching for username 'dhayanidhi.r@gmail.com' with 3 dork patterns
14:43:27 [INFO] src.modules.google_dorks: Pattern 'simple_search' found 10 results
14:43:28 [INFO] src.modules.google_dorks: DuckDuckGo search found 0 results for pattern 'social_platforms'
14:43:28 [WARNING] src.modules.google_dorks: Pattern 'social_platforms' failed: None
14:43:28 [INFO] src.modules.google_dorks: DuckDuckGo search found 0 results for pattern 'profile_pages'
14:43:28 [WARNING] src.modules.google_dorks: Pattern 'profile_pages' failed: None
14:43:28 [INFO] src.modules.google_dorks: Google Dorks search discovered 20 artifacts
14:43:28 [INFO] src.orchestrator: Google Dorks found 20 artifacts for username dhayanidhi.r@gmail.com
14:43:28 [INFO] src.modules.google_dorks: Limiting patterns from 9 to 3 to avoid rate limiting
14:43:28 [INFO] src.modules.google_dorks: Searching for username 'dhayanidhi.r@gmail.com' with 3 dork patterns
14:43:28 [INFO] src.modules.google_dorks: Pattern 'simple_search' found 1 results
14:43:28 [INFO] src.modules.google_dorks: Pattern 'social_platforms' found 0 results
14:43:28 [INFO] src.modules.google_dorks: Pattern 'profile_pages' found 0 results
14:43:28 [INFO] src.modules.google_dorks: Google Dorks search discovered 2 artifacts
14:43:28 [INFO] src.modules.username_search: Found dhayanidhi.r@gmail.com on Mastodon (mastodon.social)
14:43:28 [INFO] src.modules.username_search: Found dhayanidhi.r@gmail.com on Steam
14:43:28 [INFO] src.modules.username_search: Found dhayanidhi.r@gmail.com on Instagram
14:43:29 [INFO] src.modules.username_search: Found dhayanidhi.r@gmail.com on Medium
14:43:29 [INFO] src.modules.username_search: Found dhayanidhi.r@gmail.com on Pinterest
14:43:29 [INFO] src.modules.username_search: Username search complete: dhayanidhi.r@gmail.com → found on 5/12 platforms
14:43:29 [INFO] src.orchestrator: Plugin system processed 2 plugins, discovered 2 artifacts
14:43:29 [INFO] src.orchestrator: Processing: platform_presence=https://www.instagram.com/dhayanidhi.r@gmail.com/ (depth=1, queue_size=19)
14:43:29 [WARNING] src.orchestrator: Unknown artifact type: platform_presence
14:43:29 [WARNING] src.plugins.manager: No plugins available for artifact type: platform_presence
14:43:29 [INFO] src.orchestrator: Plugin system processed 0 plugins, discovered 0 artifacts
14:43:29 [INFO] src.orchestrator: Processing: platform_presence=https://medium.com/@dhayanidhi.r@gmail.com (depth=1, queue_size=18)
14:43:29 [WARNING] src.orchestrator: Unknown artifact type: platform_presence
14:43:29 [WARNING] src.plugins.manager: No plugins available for artifact type: platform_presence
14:43:29 [INFO] src.orchestrator: Plugin system processed 0 plugins, discovered 0 artifacts
14:43:29 [INFO] src.orchestrator: Processing: platform_presence=https://steamcommunity.com/id/dhayanidhi.r@gmail.com (depth=1, queue_size=17)
14:43:29 [WARNING] src.orchestrator: Unknown artifact type: platform_presence
14:43:29 [WARNING] src.plugins.manager: No plugins available for artifact type: platform_presence
14:43:29 [INFO] src.orchestrator: Plugin system processed 0 plugins, discovered 0 artifacts
14:43:29 [INFO] src.orchestrator: Processing: platform_presence=https://mastodon.social/@dhayanidhi.r@gmail.com (depth=1, queue_size=16)
14:43:29 [WARNING] src.orchestrator: Unknown artifact type: platform_presence
14:43:29 [WARNING] src.plugins.manager: No plugins available for artifact type: platform_presence
14:43:29 [INFO] src.orchestrator: Plugin system processed 0 plugins, discovered 0 artifacts
14:43:29 [INFO] src.orchestrator: Processing: platform_presence=https://www.pinterest.com/dhayanidhi.r@gmail.com/ (depth=1, queue_size=15)
14:43:29 [WARNING] src.orchestrator: Unknown artifact type: platform_presence
14:43:29 [WARNING] src.plugins.manager: No plugins available for artifact type: platform_presence
14:43:29 [INFO] src.orchestrator: Plugin system processed 0 plugins, discovered 0 artifacts
14:43:29 [INFO] src.orchestrator: Processing: username=login?service=mail (depth=1, queue_size=14)
14:43:29 [INFO] src.modules.username_search: Found login?service=mail on Instagram
14:43:29 [INFO] src.modules.username_search: Found login?service=mail on Keybase
14:43:29 [INFO] src.modules.username_search: Found login?service=mail on Medium
14:43:29 [INFO] src.modules.username_search: Found login?service=mail on Mastodon (mastodon.social)
14:43:29 [INFO] src.modules.username_search: Username search complete: login?service=mail → found on 4/12 platforms
14:43:29 [INFO] src.modules.google_dorks: Limiting patterns from 9 to 3 to avoid rate limiting
14:43:29 [INFO] src.modules.google_dorks: Searching for username 'login?service=mail' with 3 dork patterns
14:43:29 [INFO] src.modules.google_dorks: Pattern 'simple_search' found 10 results
14:43:30 [INFO] src.modules.google_dorks: DuckDuckGo search found 0 results for pattern 'social_platforms'
14:43:30 [WARNING] src.modules.google_dorks: Pattern 'social_platforms' failed: None
14:43:31 [INFO] src.modules.google_dorks: DuckDuckGo search found 0 results for pattern 'profile_pages'
14:43:31 [WARNING] src.modules.google_dorks: Pattern 'profile_pages' failed: None
14:43:31 [INFO] src.modules.google_dorks: Google Dorks search discovered 20 artifacts
14:43:31 [INFO] src.orchestrator: Google Dorks found 20 artifacts for username login?service=mail
14:43:31 [INFO] src.modules.google_dorks: Limiting patterns from 9 to 3 to avoid rate limiting
14:43:31 [INFO] src.modules.google_dorks: Searching for username 'login?service=mail' with 3 dork patterns
14:43:31 [INFO] src.modules.google_dorks: Pattern 'profile_pages' found 1 results
14:43:31 [INFO] src.modules.google_dorks: Pattern 'simple_search' found 1 results
14:43:31 [INFO] src.modules.google_dorks: Pattern 'social_platforms' found 1 results
14:43:31 [INFO] src.modules.google_dorks: Google Dorks search discovered 6 artifacts
14:43:31 [INFO] src.modules.username_search: Found login?service=mail on Mastodon (mastodon.social)
14:43:32 [INFO] src.modules.username_search: Found login?service=mail on Keybase
14:43:32 [INFO] src.modules.username_search: Found login?service=mail on Instagram
14:43:32 [INFO] src.modules.username_search: Found login?service=mail on Medium
14:43:32 [INFO] src.modules.username_search: Username search complete: login?service=mail → found on 4/12 platforms
14:43:32 [INFO] src.orchestrator: Plugin system processed 2 plugins, discovered 6 artifacts
14:43:32 [INFO] src.orchestrator: Processing: domain=accounts.google.com (depth=1, queue_size=34)
14:43:32 [WARNING] src.orchestrator: Unknown artifact type: domain
14:43:32 [ERROR] src.orchestrator: External tools processing failed for accounts.google.com: 'WhoisIntegration' object has no attribute 'search_username'
14:43:32 [INFO] src.orchestrator: Plugin system processed 2 plugins, discovered 6 artifacts
14:43:32 [INFO] src.orchestrator: Processing: username=Login (depth=1, queue_size=39)
14:43:33 [INFO] src.modules.username_search: Found Login on Keybase
14:43:33 [INFO] src.modules.username_search: Found Login on Instagram
14:43:33 [INFO] src.modules.username_search: Found Login on Mastodon (mastodon.social)
14:43:33 [INFO] src.modules.username_search: Found Login on Medium
14:43:34 [INFO] src.modules.username_search: Found Login on Pinterest
14:43:34 [INFO] src.modules.username_search: Username search complete: Login → found on 5/12 platforms
14:43:34 [INFO] src.modules.google_dorks: Limiting patterns from 9 to 3 to avoid rate limiting
14:43:34 [INFO] src.modules.google_dorks: Searching for username 'Login' with 3 dork patterns
14:43:34 [INFO] src.modules.google_dorks: Pattern 'simple_search' found 10 results
14:43:34 [INFO] src.modules.google_dorks: Pattern 'profile_pages' found 5 results
14:43:34 [INFO] src.modules.google_dorks: DuckDuckGo search found 0 results for pattern 'social_platforms'
14:43:34 [WARNING] src.modules.google_dorks: Pattern 'social_platforms' failed: None
14:43:34 [WARNING] src.modules.google_dorks: Limiting Google Dorks results from 15 to 10 to prevent exponential growth
14:43:34 [INFO] src.modules.google_dorks: Google Dorks search discovered 30 artifacts
14:43:34 [INFO] src.orchestrator: Google Dorks found 30 artifacts for username Login
14:43:34 [INFO] src.modules.google_dorks: Limiting patterns from 9 to 3 to avoid rate limiting
14:43:34 [INFO] src.modules.google_dorks: Searching for username 'Login' with 3 dork patterns
14:43:34 [INFO] src.modules.google_dorks: Pattern 'simple_search' found 1 results
14:43:34 [INFO] src.modules.google_dorks: Pattern 'social_platforms' found 1 results
14:43:34 [INFO] src.modules.google_dorks: Pattern 'profile_pages' found 1 results
14:43:34 [INFO] src.modules.google_dorks: Google Dorks search discovered 6 artifacts
14:43:34 [INFO] src.modules.username_search: Found Login on Mastodon (mastodon.social)
14:43:34 [INFO] src.modules.username_search: Found Login on Keybase
14:43:34 [INFO] src.modules.username_search: Found Login on Instagram
14:43:34 [INFO] src.modules.username_search: Found Login on Medium
14:43:35 [INFO] src.modules.username_search: Found Login on Pinterest
14:43:35 [INFO] src.modules.username_search: Username search complete: Login → found on 5/12 platforms
14:43:35 [INFO] src.orchestrator: Plugin system processed 2 plugins, discovered 6 artifacts
14:43:35 [INFO] src.orchestrator: Processing: username=dhayanidhir.r.9 (depth=1, queue_size=59)
14:43:35 [INFO] src.modules.username_search: Found dhayanidhir.r.9 on Instagram
14:43:35 [INFO] src.modules.username_search: Found dhayanidhir.r.9 on Steam
14:43:35 [INFO] src.modules.username_search: Found dhayanidhir.r.9 on Mastodon (mastodon.social)
14:43:36 [INFO] src.modules.username_search: Found dhayanidhir.r.9 on Pinterest
14:43:36 [INFO] src.modules.username_search: Found dhayanidhir.r.9 on Medium
14:43:36 [INFO] src.modules.username_search: Username search complete: dhayanidhir.r.9 → found on 5/12 platforms
14:43:36 [INFO] src.modules.google_dorks: Limiting patterns from 9 to 3 to avoid rate limiting
14:43:36 [INFO] src.modules.google_dorks: Searching for username 'dhayanidhir.r.9' with 3 dork patterns
14:43:36 [INFO] src.modules.google_dorks: Pattern 'simple_search' found 10 results
14:43:36 [INFO] src.modules.google_dorks: DuckDuckGo search found 0 results for pattern 'profile_pages'
14:43:36 [WARNING] src.modules.google_dorks: Pattern 'profile_pages' failed: None
14:43:37 [INFO] src.modules.google_dorks: DuckDuckGo search found 0 results for pattern 'social_platforms'
14:43:37 [WARNING] src.modules.google_dorks: Pattern 'social_platforms' failed: None
14:43:37 [INFO] src.modules.google_dorks: Google Dorks search discovered 20 artifacts
14:43:37 [INFO] src.orchestrator: Google Dorks found 20 artifacts for username dhayanidhir.r.9
14:43:37 [INFO] src.modules.google_dorks: Limiting patterns from 9 to 3 to avoid rate limiting
14:43:37 [INFO] src.modules.google_dorks: Searching for username 'dhayanidhir.r.9' with 3 dork patterns
14:43:37 [INFO] src.modules.google_dorks: Pattern 'simple_search' found 1 results
14:43:37 [INFO] src.modules.google_dorks: Pattern 'social_platforms' found 1 results
14:43:37 [INFO] src.modules.google_dorks: Pattern 'profile_pages' found 1 results
14:43:37 [INFO] src.modules.google_dorks: Google Dorks search discovered 6 artifacts
14:43:37 [INFO] src.modules.username_search: Found dhayanidhir.r.9 on Mastodon (mastodon.social)
14:43:37 [INFO] src.modules.username_search: Found dhayanidhir.r.9 on Steam
14:43:37 [INFO] src.modules.username_search: Found dhayanidhir.r.9 on Instagram
14:43:38 [INFO] src.modules.username_search: Found dhayanidhir.r.9 on Medium
14:43:38 [INFO] src.modules.username_search: Found dhayanidhir.r.9 on Pinterest
14:43:38 [INFO] src.modules.username_search: Username search complete: dhayanidhir.r.9 → found on 5/12 platforms
14:43:38 [INFO] src.orchestrator: Plugin system processed 2 plugins, discovered 6 artifacts
14:43:38 [INFO] src.orchestrator: Processing: domain=facebook.com (depth=1, queue_size=76)
14:43:38 [WARNING] src.orchestrator: Unknown artifact type: domain
14:43:38 [ERROR] src.orchestrator: External tools processing failed for facebook.com: 'WhoisIntegration' object has no attribute 'search_username'
14:43:38 [INFO] src.orchestrator: Plugin system processed 2 plugins, discovered 6 artifacts
14:43:38 [INFO] src.orchestrator: Processing: username=r.dhayanidhi.5 (depth=1, queue_size=81)
14:43:38 [INFO] src.modules.username_search: Found r.dhayanidhi.5 on Instagram
14:43:39 [INFO] src.modules.username_search: Found r.dhayanidhi.5 on Steam
14:43:39 [INFO] src.modules.username_search: Found r.dhayanidhi.5 on Mastodon (mastodon.social)
14:43:39 [INFO] src.modules.username_search: Found r.dhayanidhi.5 on Medium
14:43:39 [INFO] src.modules.username_search: Found r.dhayanidhi.5 on Pinterest
14:43:39 [INFO] src.modules.username_search: Username search complete: r.dhayanidhi.5 → found on 5/12 platforms
14:43:39 [INFO] src.modules.google_dorks: Limiting patterns from 9 to 3 to avoid rate limiting
14:43:39 [INFO] src.modules.google_dorks: Searching for username 'r.dhayanidhi.5' with 3 dork patterns
14:43:39 [INFO] src.modules.google_dorks: Pattern 'simple_search' found 10 results
14:43:39 [INFO] src.modules.google_dorks: DuckDuckGo search found 0 results for pattern 'social_platforms'
14:43:39 [WARNING] src.modules.google_dorks: Pattern 'social_platforms' failed: None
14:43:40 [INFO] src.modules.google_dorks: DuckDuckGo search found 0 results for pattern 'profile_pages'
14:43:40 [WARNING] src.modules.google_dorks: Pattern 'profile_pages' failed: None
14:43:40 [INFO] src.modules.google_dorks: Google Dorks search discovered 20 artifacts
14:43:40 [INFO] src.orchestrator: Google Dorks found 20 artifacts for username r.dhayanidhi.5
14:43:40 [INFO] src.modules.google_dorks: Limiting patterns from 9 to 3 to avoid rate limiting
14:43:40 [INFO] src.modules.google_dorks: Searching for username 'r.dhayanidhi.5' with 3 dork patterns
14:43:40 [INFO] src.modules.google_dorks: Pattern 'simple_search' found 1 results
14:43:40 [INFO] src.modules.google_dorks: Pattern 'profile_pages' found 1 results
14:43:40 [INFO] src.modules.google_dorks: Pattern 'social_platforms' found 1 results
14:43:40 [INFO] src.modules.google_dorks: Google Dorks search discovered 6 artifacts
14:43:40 [INFO] src.modules.username_search: Found r.dhayanidhi.5 on Mastodon (mastodon.social)
14:43:41 [INFO] src.modules.username_search: Found r.dhayanidhi.5 on Steam
14:43:41 [INFO] src.modules.username_search: Found r.dhayanidhi.5 on Instagram
14:43:41 [INFO] src.modules.username_search: Found r.dhayanidhi.5 on Medium
14:43:41 [INFO] src.modules.username_search: Found r.dhayanidhi.5 on Pinterest
14:43:41 [INFO] src.modules.username_search: Username search complete: r.dhayanidhi.5 → found on 5/12 platforms
14:43:41 [INFO] src.orchestrator: Plugin system processed 2 plugins, discovered 6 artifacts
14:43:41 [INFO] src.orchestrator: Processing: username=dhayanidhi-r-4200b5286 (depth=1, queue_size=94)
14:43:42 [INFO] src.modules.username_search: Found dhayanidhi-r-4200b5286 on Instagram
14:43:42 [INFO] src.modules.username_search: Found dhayanidhi-r-4200b5286 on Pinterest
14:43:42 [INFO] src.modules.username_search: Found dhayanidhi-r-4200b5286 on Steam
14:43:42 [INFO] src.modules.username_search: Found dhayanidhi-r-4200b5286 on Medium
14:43:42 [INFO] src.modules.username_search: Username search complete: dhayanidhi-r-4200b5286 → found on 4/12 platforms
14:43:42 [INFO] src.modules.google_dorks: Limiting patterns from 9 to 3 to avoid rate limiting
14:43:42 [INFO] src.modules.google_dorks: Searching for username 'dhayanidhi-r-4200b5286' with 3 dork patterns
14:43:42 [INFO] src.modules.google_dorks: Pattern 'simple_search' found 10 results
14:43:42 [INFO] src.modules.google_dorks: DuckDuckGo search found 0 results for pattern 'social_platforms'
14:43:42 [WARNING] src.modules.google_dorks: Pattern 'social_platforms' failed: None
14:43:43 [INFO] src.modules.google_dorks: DuckDuckGo search found 0 results for pattern 'profile_pages'
14:43:43 [WARNING] src.modules.google_dorks: Pattern 'profile_pages' failed: None
14:43:43 [INFO] src.modules.google_dorks: Google Dorks search discovered 20 artifacts
14:43:43 [INFO] src.orchestrator: Google Dorks found 20 artifacts for username dhayanidhi-r-4200b5286
14:43:43 [INFO] src.modules.google_dorks: Limiting patterns from 9 to 3 to avoid rate limiting
14:43:43 [INFO] src.modules.google_dorks: Searching for username 'dhayanidhi-r-4200b5286' with 3 dork patterns
14:43:43 [INFO] src.modules.google_dorks: Pattern 'profile_pages' found 1 results
14:43:43 [INFO] src.modules.google_dorks: Pattern 'social_platforms' found 1 results
14:43:43 [INFO] src.modules.google_dorks: Pattern 'simple_search' found 1 results
14:43:43 [INFO] src.modules.google_dorks: Google Dorks search discovered 6 artifacts
14:43:44 [INFO] src.modules.username_search: Found dhayanidhi-r-4200b5286 on Instagram
14:43:44 [INFO] src.modules.username_search: Found dhayanidhi-r-4200b5286 on Steam
14:43:44 [INFO] src.modules.username_search: Found dhayanidhi-r-4200b5286 on Medium
14:43:45 [INFO] src.modules.username_search: Found dhayanidhi-r-4200b5286 on Pinterest
14:43:45 [INFO] src.modules.username_search: Username search complete: dhayanidhi-r-4200b5286 → found on 4/12 platforms
14:43:45 [INFO] src.orchestrator: Plugin system processed 2 plugins, discovered 6 artifacts
14:43:45 [INFO] src.orchestrator: Processing: domain=in.linkedin.com (depth=1, queue_size=105)
14:43:45 [WARNING] src.orchestrator: Unknown artifact type: domain
14:43:45 [ERROR] src.orchestrator: External tools processing failed for in.linkedin.com: 'WhoisIntegration' object has no attribute 'search_username'
14:43:45 [INFO] src.orchestrator: Plugin system processed 2 plugins, discovered 12 artifacts
14:43:45 [INFO] src.orchestrator: Processing: username=dhayanidhi-r-17b862238 (depth=1, queue_size=116)
14:43:45 [INFO] src.modules.username_search: Found dhayanidhi-r-17b862238 on Instagram
14:43:45 [INFO] src.modules.username_search: Found dhayanidhi-r-17b862238 on Steam
14:43:45 [INFO] src.modules.username_search: Found dhayanidhi-r-17b862238 on Medium
14:43:46 [INFO] src.modules.username_search: Found dhayanidhi-r-17b862238 on Pinterest
14:43:46 [INFO] src.modules.username_search: Username search complete: dhayanidhi-r-17b862238 → found on 4/12 platforms
14:43:46 [INFO] src.modules.google_dorks: Limiting patterns from 9 to 3 to avoid rate limiting
14:43:46 [INFO] src.modules.google_dorks: Searching for username 'dhayanidhi-r-17b862238' with 3 dork patterns
14:43:46 [INFO] src.modules.google_dorks: Pattern 'simple_search' found 10 results
14:43:46 [INFO] src.modules.google_dorks: DuckDuckGo search found 0 results for pattern 'social_platforms'
14:43:46 [WARNING] src.modules.google_dorks: Pattern 'social_platforms' failed: None
14:43:47 [INFO] src.modules.google_dorks: DuckDuckGo search found 0 results for pattern 'profile_pages'
14:43:47 [WARNING] src.modules.google_dorks: Pattern 'profile_pages' failed: None
14:43:47 [INFO] src.modules.google_dorks: Google Dorks search discovered 20 artifacts
14:43:47 [INFO] src.orchestrator: Google Dorks found 20 artifacts for username dhayanidhi-r-17b862238
14:43:47 [INFO] src.modules.google_dorks: Limiting patterns from 9 to 3 to avoid rate limiting
14:43:47 [INFO] src.modules.google_dorks: Searching for username 'dhayanidhi-r-17b862238' with 3 dork patterns
14:43:47 [ERROR] src.modules.google_dorks: Error executing dork pattern 'social_platforms': name '_MAX_RETRIES' is not defined
14:43:47 [ERROR] src.modules.google_dorks: Error executing dork pattern 'simple_search': name '_MAX_RETRIES' is not defined
14:43:47 [ERROR] src.modules.google_dorks: Error executing dork pattern 'profile_pages': name '_MAX_RETRIES' is not defined
14:43:47 [INFO] src.modules.google_dorks: Google Dorks search discovered 0 artifacts
14:43:48 [INFO] src.modules.username_search: Found dhayanidhi-r-17b862238 on Instagram
14:43:48 [INFO] src.modules.username_search: Found dhayanidhi-r-17b862238 on Steam
14:43:48 [INFO] src.modules.username_search: Found dhayanidhi-r-17b862238 on Medium
14:43:48 [INFO] src.modules.username_search: Found dhayanidhi-r-17b862238 on Pinterest
14:43:48 [INFO] src.modules.username_search: Username search complete: dhayanidhi-r-17b862238 → found on 4/12 platforms
14:43:48 [INFO] src.orchestrator: Plugin system processed 2 plugins, discovered 0 artifacts
14:43:48 [INFO] src.orchestrator: Processing: username=dhayanidhi-r-830a8221a (depth=1, queue_size=123)
14:43:49 [INFO] src.modules.username_search: Found dhayanidhi-r-830a8221a on Instagram
14:43:49 [INFO] src.modules.username_search: Found dhayanidhi-r-830a8221a on Steam
14:43:49 [INFO] src.modules.username_search: Found dhayanidhi-r-830a8221a on Medium
14:43:49 [INFO] src.modules.username_search: Found dhayanidhi-r-830a8221a on Pinterest
14:43:49 [INFO] src.modules.username_search: Username search complete: dhayanidhi-r-830a8221a → found on 4/12 platforms
14:43:49 [INFO] src.modules.google_dorks: Limiting patterns from 9 to 3 to avoid rate limiting
14:43:49 [INFO] src.modules.google_dorks: Searching for username 'dhayanidhi-r-830a8221a' with 3 dork patterns
14:43:49 [INFO] src.modules.google_dorks: Pattern 'simple_search' found 10 results
14:43:50 [INFO] src.modules.google_dorks: DuckDuckGo search found 0 results for pattern 'social_platforms'
14:43:50 [WARNING] src.modules.google_dorks: Pattern 'social_platforms' failed: None
14:43:51 [INFO] src.modules.google_dorks: DuckDuckGo search found 0 results for pattern 'profile_pages'
14:43:51 [WARNING] src.modules.google_dorks: Pattern 'profile_pages' failed: None
14:43:51 [INFO] src.modules.google_dorks: Google Dorks search discovered 20 artifacts
14:43:51 [INFO] src.orchestrator: Google Dorks found 20 artifacts for username dhayanidhi-r-830a8221a
14:43:51 [INFO] src.modules.google_dorks: Limiting patterns from 9 to 3 to avoid rate limiting
14:43:51 [INFO] src.modules.google_dorks: Searching for username 'dhayanidhi-r-830a8221a' with 3 dork patterns
14:43:51 [ERROR] src.modules.google_dorks: Error executing dork pattern 'simple_search': name '_MAX_RETRIES' is not defined
14:43:51 [ERROR] src.modules.google_dorks: Error executing dork pattern 'social_platforms': name '_MAX_RETRIES' is not defined
14:43:51 [ERROR] src.modules.google_dorks: Error executing dork pattern 'profile_pages': name '_MAX_RETRIES' is not defined
14:43:51 [INFO] src.modules.google_dorks: Google Dorks search discovered 0 artifacts
14:43:51 [INFO] src.modules.username_search: Found dhayanidhi-r-830a8221a on Instagram
14:43:51 [INFO] src.modules.username_search: Found dhayanidhi-r-830a8221a on Steam
14:43:51 [INFO] src.modules.username_search: Found dhayanidhi-r-830a8221a on Medium
14:43:52 [INFO] src.modules.username_search: Found dhayanidhi-r-830a8221a on Pinterest
14:43:52 [INFO] src.modules.username_search: Username search complete: dhayanidhi-r-830a8221a → found on 4/12 platforms
14:43:52 [INFO] src.orchestrator: Plugin system processed 2 plugins, discovered 0 artifacts
14:43:52 [INFO] src.orchestrator: Processing: username=dhayanidhi-r-2a7b473b4 (depth=1, queue_size=133)
14:43:52 [INFO] src.modules.username_search: Found dhayanidhi-r-2a7b473b4 on Instagram
14:43:52 [INFO] src.modules.username_search: Found dhayanidhi-r-2a7b473b4 on Steam
14:43:52 [INFO] src.modules.username_search: Found dhayanidhi-r-2a7b473b4 on Pinterest
14:43:53 [INFO] src.modules.username_search: Found dhayanidhi-r-2a7b473b4 on Medium
14:43:53 [INFO] src.modules.username_search: Username search complete: dhayanidhi-r-2a7b473b4 → found on 4/12 platforms
14:43:53 [INFO] src.modules.google_dorks: Limiting patterns from 9 to 3 to avoid rate limiting
14:43:53 [INFO] src.modules.google_dorks: Searching for username 'dhayanidhi-r-2a7b473b4' with 3 dork patterns
14:43:53 [INFO] src.modules.google_dorks: Pattern 'simple_search' found 10 results
14:43:53 [INFO] src.modules.google_dorks: DuckDuckGo search found 0 results for pattern 'social_platforms'
14:43:53 [WARNING] src.modules.google_dorks: Pattern 'social_platforms' failed: None
14:43:54 [INFO] src.modules.google_dorks: DuckDuckGo search found 0 results for pattern 'profile_pages'
14:43:54 [WARNING] src.modules.google_dorks: Pattern 'profile_pages' failed: None
14:43:54 [INFO] src.modules.google_dorks: Google Dorks search discovered 20 artifacts
14:43:54 [INFO] src.orchestrator: Google Dorks found 20 artifacts for username dhayanidhi-r-2a7b473b4
14:43:54 [INFO] src.modules.google_dorks: Limiting patterns from 9 to 3 to avoid rate limiting
14:43:54 [INFO] src.modules.google_dorks: Searching for username 'dhayanidhi-r-2a7b473b4' with 3 dork patterns
14:43:54 [ERROR] src.modules.google_dorks: Error executing dork pattern 'profile_pages': name '_MAX_RETRIES' is not defined
14:43:54 [ERROR] src.modules.google_dorks: Error executing dork pattern 'simple_search': name '_MAX_RETRIES' is not defined
14:43:54 [ERROR] src.modules.google_dorks: Error executing dork pattern 'social_platforms': name '_MAX_RETRIES' is not defined
14:43:54 [INFO] src.modules.google_dorks: Google Dorks search discovered 0 artifacts
14:43:54 [INFO] src.modules.username_search: Found dhayanidhi-r-2a7b473b4 on Instagram
14:43:55 [INFO] src.modules.username_search: Found dhayanidhi-r-2a7b473b4 on Steam
14:43:55 [INFO] src.modules.username_search: Found dhayanidhi-r-2a7b473b4 on Pinterest
14:43:55 [INFO] src.modules.username_search: Found dhayanidhi-r-2a7b473b4 on Medium
14:43:55 [INFO] src.modules.username_search: Username search complete: dhayanidhi-r-2a7b473b4 → found on 4/12 platforms
14:43:55 [INFO] src.orchestrator: Plugin system processed 2 plugins, discovered 0 artifacts
14:43:55 [INFO] src.orchestrator: Processing: username=dhayanidhi-r-766b43255 (depth=1, queue_size=142)
14:43:55 [INFO] src.modules.username_search: Found dhayanidhi-r-766b43255 on Instagram
14:43:55 [INFO] src.modules.username_search: Found dhayanidhi-r-766b43255 on Steam
14:43:56 [INFO] src.modules.username_search: Found dhayanidhi-r-766b43255 on Pinterest
14:43:56 [INFO] src.modules.username_search: Found dhayanidhi-r-766b43255 on Medium
14:43:56 [INFO] src.modules.username_search: Username search complete: dhayanidhi-r-766b43255 → found on 4/12 platforms
14:43:56 [INFO] src.modules.google_dorks: Limiting patterns from 9 to 3 to avoid rate limiting
14:43:56 [INFO] src.modules.google_dorks: Searching for username 'dhayanidhi-r-766b43255' with 3 dork patterns
14:43:56 [INFO] src.modules.google_dorks: Pattern 'simple_search' found 10 results
14:43:57 [INFO] src.modules.google_dorks: DuckDuckGo search found 0 results for pattern 'social_platforms'
14:43:57 [WARNING] src.modules.google_dorks: Pattern 'social_platforms' failed: None
14:43:58 [INFO] src.modules.google_dorks: DuckDuckGo search found 0 results for pattern 'profile_pages'
14:43:58 [WARNING] src.modules.google_dorks: Pattern 'profile_pages' failed: None
14:43:58 [INFO] src.modules.google_dorks: Google Dorks search discovered 20 artifacts
14:43:58 [INFO] src.orchestrator: Google Dorks found 20 artifacts for username dhayanidhi-r-766b43255
14:43:58 [INFO] src.modules.google_dorks: Limiting patterns from 9 to 3 to avoid rate limiting
14:43:58 [INFO] src.modules.google_dorks: Searching for username 'dhayanidhi-r-766b43255' with 3 dork patterns
14:43:58 [ERROR] src.modules.google_dorks: Error executing dork pattern 'simple_search': name '_MAX_RETRIES' is not defined
14:43:58 [ERROR] src.modules.google_dorks: Error executing dork pattern 'social_platforms': name '_MAX_RETRIES' is not defined
14:43:58 [ERROR] src.modules.google_dorks: Error executing dork pattern 'profile_pages': name '_MAX_RETRIES' is not defined
14:43:58 [INFO] src.modules.google_dorks: Google Dorks search discovered 0 artifacts
14:43:58 [INFO] src.modules.username_search: Found dhayanidhi-r-766b43255 on Instagram
14:43:58 [INFO] src.modules.username_search: Found dhayanidhi-r-766b43255 on Steam
14:43:58 [INFO] src.modules.username_search: Found dhayanidhi-r-766b43255 on Medium
14:43:59 [INFO] src.modules.username_search: Found dhayanidhi-r-766b43255 on Pinterest
14:43:59 [INFO] src.modules.username_search: Username search complete: dhayanidhi-r-766b43255 → found on 4/12 platforms
14:43:59 [INFO] src.orchestrator: Plugin system processed 2 plugins, discovered 0 artifacts
14:43:59 [INFO] src.orchestrator: Processing: username=dhayanidhi-r-5aa086296 (depth=1, queue_size=150)
14:43:59 [INFO] src.modules.username_search: Found dhayanidhi-r-5aa086296 on Pinterest
14:43:59 [INFO] src.modules.username_search: Found dhayanidhi-r-5aa086296 on Instagram
14:43:59 [INFO] src.modules.username_search: Found dhayanidhi-r-5aa086296 on Steam
14:43:59 [INFO] src.modules.username_search: Found dhayanidhi-r-5aa086296 on Medium
14:43:59 [INFO] src.modules.username_search: Username search complete: dhayanidhi-r-5aa086296 → found on 4/12 platforms
14:43:59 [INFO] src.modules.google_dorks: Limiting patterns from 9 to 3 to avoid rate limiting
14:43:59 [INFO] src.modules.google_dorks: Searching for username 'dhayanidhi-r-5aa086296' with 3 dork patterns
14:43:59 [INFO] src.modules.google_dorks: Pattern 'simple_search' found 10 results
14:44:00 [INFO] src.modules.google_dorks: DuckDuckGo search found 0 results for pattern 'social_platforms'
14:44:00 [WARNING] src.modules.google_dorks: Pattern 'social_platforms' failed: None
14:44:01 [INFO] src.modules.google_dorks: DuckDuckGo search found 0 results for pattern 'profile_pages'
14:44:01 [WARNING] src.modules.google_dorks: Pattern 'profile_pages' failed: None
14:44:01 [INFO] src.modules.google_dorks: Google Dorks search discovered 20 artifacts
14:44:01 [INFO] src.orchestrator: Google Dorks found 20 artifacts for username dhayanidhi-r-5aa086296
14:44:01 [INFO] src.modules.google_dorks: Limiting patterns from 9 to 3 to avoid rate limiting
14:44:01 [INFO] src.modules.google_dorks: Searching for username 'dhayanidhi-r-5aa086296' with 3 dork patterns
14:44:01 [ERROR] src.modules.google_dorks: Error executing dork pattern 'simple_search': name '_MAX_RETRIES' is not defined
14:44:01 [ERROR] src.modules.google_dorks: Error executing dork pattern 'social_platforms': name '_MAX_RETRIES' is not defined
14:44:01 [ERROR] src.modules.google_dorks: Error executing dork pattern 'profile_pages': name '_MAX_RETRIES' is not defined
14:44:01 [INFO] src.modules.google_dorks: Google Dorks search discovered 0 artifacts
14:44:01 [INFO] src.modules.username_search: Found dhayanidhi-r-5aa086296 on Instagram
14:44:01 [INFO] src.modules.username_search: Found dhayanidhi-r-5aa086296 on Steam
14:44:01 [INFO] src.modules.username_search: Found dhayanidhi-r-5aa086296 on Medium
14:44:02 [INFO] src.modules.username_search: Found dhayanidhi-r-5aa086296 on Pinterest
14:44:02 [INFO] src.modules.username_search: Username search complete: dhayanidhi-r-5aa086296 → found on 4/12 platforms
14:44:02 [INFO] src.orchestrator: Plugin system processed 2 plugins, discovered 0 artifacts
14:44:02 [INFO] src.orchestrator: Processing: username=websearch (depth=1, queue_size=153)
14:44:02 [INFO] src.modules.username_search: Found websearch on GitHub
14:44:02 [INFO] src.modules.username_search: Found websearch on Instagram
14:44:03 [INFO] src.modules.username_search: Found websearch on Pinterest
14:44:03 [INFO] src.modules.username_search: Found websearch on Medium
14:44:03 [INFO] src.modules.username_search: Username search complete: websearch → found on 4/12 platforms
14:44:03 [INFO] src.modules.google_dorks: Limiting patterns from 9 to 3 to avoid rate limiting
14:44:03 [INFO] src.modules.google_dorks: Searching for username 'websearch' with 3 dork patterns
14:44:03 [INFO] src.modules.google_dorks: Pattern 'simple_search' found 10 results
14:44:03 [INFO] src.modules.google_dorks: DuckDuckGo search found 0 results for pattern 'social_platforms'
14:44:03 [WARNING] src.modules.google_dorks: Pattern 'social_platforms' failed: None
14:44:04 [INFO] src.modules.google_dorks: DuckDuckGo search found 0 results for pattern 'profile_pages'
14:44:04 [WARNING] src.modules.google_dorks: Pattern 'profile_pages' failed: None
14:44:04 [INFO] src.modules.google_dorks: Google Dorks search discovered 20 artifacts
14:44:04 [INFO] src.orchestrator: Google Dorks found 20 artifacts for username websearch
14:44:04 [INFO] src.modules.google_dorks: Limiting patterns from 9 to 3 to avoid rate limiting
14:44:04 [INFO] src.modules.google_dorks: Searching for username 'websearch' with 3 dork patterns
14:44:04 [ERROR] src.modules.google_dorks: Error executing dork pattern 'simple_search': name '_MAX_RETRIES' is not defined
14:44:04 [ERROR] src.modules.google_dorks: Error executing dork pattern 'social_platforms': name '_MAX_RETRIES' is not defined
14:44:04 [ERROR] src.modules.google_dorks: Error executing dork pattern 'profile_pages': name '_MAX_RETRIES' is not defined
14:44:04 [INFO] src.modules.google_dorks: Google Dorks search discovered 0 artifacts
14:44:04 [INFO] src.modules.username_search: Found websearch on GitHub
14:44:05 [INFO] src.modules.username_search: Found websearch on Instagram
14:44:05 [INFO] src.modules.username_search: Found websearch on Steam
14:44:05 [INFO] src.modules.username_search: Found websearch on Pinterest
14:44:06 [INFO] src.modules.username_search: Found websearch on Medium
14:44:06 [INFO] src.modules.username_search: Username search complete: websearch → found on 5/12 platforms
14:44:06 [INFO] src.orchestrator: Plugin system processed 2 plugins, discovered 0 artifacts
14:44:06 [INFO] src.orchestrator: Processing: domain=support.google.com (depth=1, queue_size=172)
14:44:06 [WARNING] src.orchestrator: Unknown artifact type: domain
14:44:06 [ERROR] src.orchestrator: External tools processing failed for support.google.com: 'WhoisIntegration' object has no attribute 'search_username'
14:44:06 [INFO] src.orchestrator: Plugin system processed 2 plugins, discovered 1 artifacts
14:44:06 [INFO] src.orchestrator: Processing: platform_presence=https://www.instagram.com/login?service=mail/ (depth=2, queue_size=172)
14:44:06 [WARNING] src.orchestrator: Unknown artifact type: platform_presence
14:44:06 [WARNING] src.plugins.manager: No plugins available for artifact type: platform_presence
14:44:06 [INFO] src.orchestrator: Plugin system processed 0 plugins, discovered 0 artifacts
14:44:06 [INFO] src.orchestrator: Processing: platform_presence=https://keybase.io/login?service=mail (depth=2, queue_size=171)
14:44:06 [WARNING] src.orchestrator: Unknown artifact type: platform_presence
14:44:06 [WARNING] src.plugins.manager: No plugins available for artifact type: platform_presence
14:44:06 [INFO] src.orchestrator: Plugin system processed 0 plugins, discovered 0 artifacts
14:44:06 [INFO] src.orchestrator: Processing: platform_presence=https://medium.com/@login?service=mail (depth=2, queue_size=170)
14:44:06 [WARNING] src.orchestrator: Unknown artifact type: platform_presence
14:44:06 [WARNING] src.plugins.manager: No plugins available for artifact type: platform_presence
14:44:06 [INFO] src.orchestrator: Plugin system processed 0 plugins, discovered 0 artifacts
14:44:06 [INFO] src.orchestrator: Processing: platform_presence=https://mastodon.social/@login?service=mail (depth=2, queue_size=169)
14:44:06 [WARNING] src.orchestrator: Unknown artifact type: platform_presence
14:44:06 [WARNING] src.plugins.manager: No plugins available for artifact type: platform_presence
14:44:06 [INFO] src.orchestrator: Plugin system processed 0 plugins, discovered 0 artifacts
14:44:06 [INFO] src.orchestrator: Processing: username=signin (depth=2, queue_size=168)
14:44:06 [INFO] src.modules.username_search: Found signin on HackerNews
14:44:06 [INFO] src.modules.username_search: Found signin on Instagram
14:44:07 [INFO] src.modules.username_search: Found signin on Medium
14:44:07 [INFO] src.modules.username_search: Found signin on Steam
14:44:07 [INFO] src.modules.username_search: Found signin on Pinterest
14:44:07 [INFO] src.modules.username_search: Username search complete: signin → found on 5/12 platforms
14:44:07 [INFO] src.modules.google_dorks: Limiting patterns from 9 to 3 to avoid rate limiting
14:44:07 [INFO] src.modules.google_dorks: Searching for username 'signin' with 3 dork patterns
14:44:07 [INFO] src.modules.google_dorks: Pattern 'simple_search' found 10 results
14:44:07 [INFO] src.modules.google_dorks: DuckDuckGo search found 0 results for pattern 'profile_pages'
14:44:07 [WARNING] src.modules.google_dorks: Pattern 'profile_pages' failed: None
14:44:08 [INFO] src.modules.google_dorks: DuckDuckGo search found 0 results for pattern 'social_platforms'
14:44:08 [WARNING] src.modules.google_dorks: Pattern 'social_platforms' failed: None
14:44:08 [INFO] src.modules.google_dorks: Google Dorks search discovered 20 artifacts
14:44:08 [INFO] src.orchestrator: Google Dorks found 20 artifacts for username signin
14:44:08 [INFO] src.modules.google_dorks: Limiting patterns from 9 to 3 to avoid rate limiting
14:44:08 [INFO] src.modules.google_dorks: Searching for username 'signin' with 3 dork patterns
14:44:08 [ERROR] src.modules.google_dorks: Error executing dork pattern 'social_platforms': name '_MAX_RETRIES' is not defined
14:44:08 [ERROR] src.modules.google_dorks: Error executing dork pattern 'profile_pages': name '_MAX_RETRIES' is not defined
14:44:08 [ERROR] src.modules.google_dorks: Error executing dork pattern 'simple_search': name '_MAX_RETRIES' is not defined
14:44:08 [INFO] src.modules.google_dorks: Google Dorks search discovered 0 artifacts
14:44:09 [INFO] src.modules.username_search: Found signin on HackerNews
14:44:09 [INFO] src.modules.username_search: Found signin on Instagram
14:44:09 [INFO] src.modules.username_search: Found signin on Steam
14:44:09 [INFO] src.modules.username_search: Found signin on Medium
14:44:09 [INFO] src.modules.username_search: Found signin on Pinterest
14:44:09 [INFO] src.modules.username_search: Username search complete: signin → found on 5/12 platforms
14:44:09 [INFO] src.orchestrator: Plugin system processed 2 plugins, discovered 0 artifacts
14:44:09 [INFO] src.orchestrator: Processing: domain=mail.google.com (depth=2, queue_size=167)
14:44:09 [WARNING] src.orchestrator: Unknown artifact type: domain
14:44:09 [ERROR] src.orchestrator: External tools processing failed for mail.google.com: 'WhoisIntegration' object has no attribute 'search_username'
14:44:10 [INFO] src.orchestrator: Plugin system processed 2 plugins, discovered 1 artifacts
14:44:10 [INFO] src.orchestrator: Processing: username=InteractiveLogin?service=mail (depth=2, queue_size=166)
14:44:10 [INFO] src.modules.username_search: Found InteractiveLogin?service=mail on Instagram
14:44:10 [INFO] src.modules.username_search: Found InteractiveLogin?service=mail on Steam
