08:54:43 [INFO] root: Logging to file: logs/dhaya_20260802_085443.log
08:54:43 [INFO] src.orchestrator: Starting investigation with 1 seed artifact(s)
08:54:43 [INFO] src.orchestrator: Available external tools: 0
08:54:43 [INFO] src.orchestrator: Missing external tools: 35
08:54:43 [INFO] src.plugins.registry: Registered plugin: ExifToolPlugin
08:54:43 [INFO] src.plugins.registry: Registered plugin: SherlockPlugin
08:54:43 [INFO] src.plugins.registry: Registered plugin: WhoisPlugin
08:54:43 [INFO] src.plugins.registry: Registered plugin: Sublist3rPlugin
08:54:43 [INFO] src.plugins.registry: Registered plugin: UsernameSearchPlugin
08:54:43 [INFO] src.plugins.registry: Registered plugin: WaybackMachinePlugin
08:54:43 [INFO] src.plugins.registry: Registered plugin: NmapPlugin
08:54:43 [INFO] src.plugins.registry: Registered plugin: AmassPlugin
08:54:43 [INFO] src.plugins.registry: Registered plugin: ProfileImagePlugin
08:54:43 [INFO] src.plugins.registry: Registered plugin: TheHarvesterPlugin
08:54:43 [INFO] src.plugins.registry: Registered plugin: DigPlugin
08:54:43 [INFO] src.plugins.registry: Registered plugin: EmailBreachPlugin
08:54:43 [INFO] src.plugins.registry: Registered plugin: OsrframeworkPlugin
08:54:43 [INFO] src.plugins.registry: Registered plugin: SubfinderPlugin
08:54:43 [INFO] src.plugins.registry: Registered plugin: ImageMatchPlugin
08:54:43 [INFO] src.plugins.registry: Registered plugin: GoogleDorksPlugin
08:54:43 [INFO] src.plugins.registry: Registered plugin: WhatWebPlugin
08:54:43 [INFO] src.plugins.registry: Registered plugin: ShodanPlugin
08:54:43 [INFO] src.plugins.registry: Registered plugin: MaigretPlugin
08:54:43 [INFO] src.plugins.registry: Registered plugin: HolehePlugin
08:54:43 [INFO] src.plugins.registry: Registered plugin: PhoneValidationPlugin
08:54:44 [INFO] src.orchestrator: Available plugins: 9
08:54:44 [INFO] src.orchestrator: Created investigation: INV-7184b52a
08:54:44 [INFO] src.orchestrator: Starting BFS processing with 1 artifacts in queue
08:54:44 [INFO] src.orchestrator: Processing BFS level 1: 1 artifact(s) (elapsed=0.0s, workers=1)
08:54:44 [INFO] src.modules.username_search: Found mail2dhaya on GitHub
08:54:44 [INFO] src.modules.username_search: Found mail2dhaya on Steam
08:54:44 [ERROR] src.modules.username_search: Exception checking GitLab: 'expected_status'
08:54:44 [ERROR] src.modules.username_search: Exception checking Reddit: 'expected_status'
08:54:45 [INFO] src.modules.username_search: Found mail2dhaya on Medium
08:54:45 [INFO] src.modules.username_search: Found mail2dhaya on Pinterest
08:54:45 [INFO] src.modules.username_search: Found mail2dhaya on Instagram
08:54:45 [INFO] src.modules.username_search: Username search complete: mail2dhaya → found on 5/12 platforms
08:54:46 [INFO] src.modules.google_dorks: Limiting patterns from 8 to 3 to avoid rate limiting
08:54:46 [INFO] src.modules.google_dorks: Searching for username 'mail2dhaya' with 3 dork patterns
08:54:47 [WARNING] src.modules.google_dorks: Google rate limited (429) for query: mail2dhaya
08:54:47 [WARNING] src.modules.google_dorks: Pattern 'simple_search' failed: Rate limited by Google (429)
08:54:48 [WARNING] src.modules.google_dorks: Google rate limited (429) for query: intitle:"profile" "mail2dhaya" OR intitle:"user" "mail2dhaya"
08:54:48 [WARNING] src.modules.google_dorks: Pattern 'profile_pages' failed: Rate limited by Google (429)
08:54:50 [WARNING] src.modules.google_dorks: Google rate limited (429) for query: site:twitter.com "mail2dhaya" OR site:linkedin.com "mail2dhaya" OR site:github.com "mail2dhaya" OR site:instagram.com "mail2dhaya"
08:54:50 [WARNING] src.modules.google_dorks: Pattern 'social_platforms' failed: Rate limited by Google (429)
08:54:50 [INFO] src.modules.google_dorks: Google Dorks search discovered 0 artifacts
08:54:50 [INFO] src.modules.google_dorks: Limiting patterns from 8 to 3 to avoid rate limiting
08:54:50 [INFO] src.modules.google_dorks: Searching for username 'mail2dhaya' with 3 dork patterns
08:54:50 [INFO] src.modules.username_search: Found mail2dhaya on Instagram
08:54:50 [INFO] src.modules.username_search: Found mail2dhaya on Medium
08:54:50 [INFO] src.modules.username_search: Found mail2dhaya on GitHub
08:54:50 [INFO] src.modules.username_search: Found mail2dhaya on Pinterest
08:54:50 [INFO] src.modules.username_search: Found mail2dhaya on Steam
08:54:51 [ERROR] src.modules.username_search: Exception checking Reddit: 'expected_status'
08:54:51 [ERROR] src.modules.username_search: Exception checking GitLab: 'expected_status'
08:54:51 [INFO] src.modules.username_search: Username search complete: mail2dhaya → found on 5/12 platforms
08:54:52 [WARNING] src.modules.google_dorks: Google rate limited (429) for query: mail2dhaya
08:54:52 [WARNING] src.modules.google_dorks: Pattern 'simple_search' failed: Rate limited by Google (429)
08:54:54 [WARNING] src.modules.google_dorks: Google rate limited (429) for query: site:twitter.com "mail2dhaya" OR site:linkedin.com "mail2dhaya" OR site:github.com "mail2dhaya" OR site:instagram.com "mail2dhaya"
08:54:54 [WARNING] src.modules.google_dorks: Pattern 'social_platforms' failed: Rate limited by Google (429)
08:54:56 [WARNING] src.modules.google_dorks: Google rate limited (429) for query: intitle:"profile" "mail2dhaya" OR intitle:"user" "mail2dhaya"
08:54:56 [WARNING] src.modules.google_dorks: Pattern 'profile_pages' failed: Rate limited by Google (429)
08:54:56 [INFO] src.modules.google_dorks: Google Dorks search discovered 0 artifacts
08:54:56 [INFO] src.orchestrator: Plugin system processed 2 plugins, discovered 0 artifacts
08:54:56 [INFO] src.orchestrator: BFS level 1 done in 12.4s (parallel=12.4s, db=0.0s); processed=1, seen=8, next_level=7
08:54:56 [INFO] src.orchestrator: Processing BFS level 2: 7 artifact(s) (elapsed=12.4s, workers=7)
08:54:56 [WARNING] src.plugins.manager: No plugins available for artifact type: image
08:54:56 [WARNING] src.plugins.manager: No plugins available for artifact type: image
08:54:56 [INFO] src.plugins.builtins.profile_image_plugin: Extracting profile image from: https://github.com/mail2dhaya
08:54:56 [INFO] src.plugins.builtins.profile_image_plugin: Extracting profile image from: https://steamcommunity.com/id/mail2dhaya
08:54:56 [INFO] src.orchestrator: Plugin system processed 0 plugins, discovered 0 artifacts
08:54:56 [INFO] src.orchestrator: Plugin system processed 0 plugins, discovered 0 artifacts
08:54:56 [INFO] src.plugins.builtins.profile_image_plugin: Extracting profile image from: https://medium.com/@mail2dhaya
08:54:56 [INFO] src.plugins.builtins.profile_image_plugin: Extracting profile image from: https://www.pinterest.com/mail2dhaya/
08:54:56 [INFO] src.plugins.builtins.profile_image_plugin: Extracting profile image from: https://www.instagram.com/mail2dhaya/
08:54:56 [INFO] src.orchestrator: Plugin system processed 1 plugins, discovered 0 artifacts
08:54:57 [INFO] src.orchestrator: Plugin system processed 1 plugins, discovered 0 artifacts
08:54:57 [INFO] src.orchestrator: Plugin system processed 1 plugins, discovered 0 artifacts
08:54:57 [INFO] src.plugins.builtins.profile_image_plugin: Found profile image for https://github.com/mail2dhaya: https://avatars.githubusercontent.com/u/7057030?v=4
08:54:57 [INFO] src.orchestrator: Plugin system processed 1 plugins, discovered 1 artifacts
08:54:58 [INFO] src.plugins.builtins.profile_image_plugin: Found profile image for https://medium.com/@mail2dhaya: https://miro.medium.com/v2/resize:fit:2400/0*1bIvauCenVm87uD1.jpg
08:54:58 [INFO] src.orchestrator: Plugin system processed 1 plugins, discovered 1 artifacts
08:54:58 [INFO] src.orchestrator: BFS level 2 done in 1.7s (parallel=1.7s, db=0.0s); processed=8, seen=8, next_level=0
08:54:58 [INFO] src.orchestrator: BFS processing complete: 8 artifact(s) processed across 2 level(s) in 14.1s
08:54:58 [INFO] src.orchestrator: Summary: 8 artifacts, 9 links, 5 platform presences
08:54:58 [INFO] src.modules.correlation: Correlation analysis: 8 artifacts, 9 links, 1 components
08:54:58 [INFO] src.orchestrator: Correlation analysis: 1 connected components, largest component size: 8
08:54:58 [INFO] src.orchestrator: Found 1 unique risk indicators: file_not_found
08:54:58 [INFO] src.orchestrator: Investigation INV-7184b52a complete: 8 artifacts, 9 links, 5 platforms, 1 risk indicators (finalize/correlation=0.0s, total=14.1s)
08:54:58 [INFO] src.correlation.linker: Correlation complete: 1 nodes, 0 edges, 1 identities
08:54:58 [INFO] src.graph.visualizer: Graph saved to /var/folders/73/s7vzm9_d65n7bx0pjs4gmsmm0000gn/T/tmpgbtc2y3f.html (1 nodes, 0 edges)
08:54:58 [INFO] src.reporting.html_report: ============================================================
08:54:58 [INFO] src.reporting.html_report: INVESTIGATION RECOMMENDATIONS
08:54:58 [INFO] src.reporting.html_report: ============================================================
08:54:58 [INFO] src.reporting.html_report: [MEDIUM Priority - Platform Expansion]
08:54:58 [INFO] src.reporting.html_report:   Action: Expand platform search coverage
08:54:58 [INFO] src.reporting.html_report:   Details: Currently found on 5 platforms. Consider additional platform searches for broader coverage
08:54:58 [INFO] src.reporting.html_report: ------------------------------------------------------------
08:54:58 [INFO] src.reporting.html_report: [LOW Priority - Investigation Depth]
08:54:58 [INFO] src.reporting.html_report:   Action: Consider deeper investigation
08:54:58 [INFO] src.reporting.html_report:   Details: Current investigation depth: 1. Consider increasing depth for more comprehensive results
08:54:58 [INFO] src.reporting.html_report: ------------------------------------------------------------
08:54:58 [INFO] src.reporting.html_report: HTML report saved to reports/INV-7184b52a_report.html
