15:45:48 [INFO] root: Logging to file: logs/dhaya_20260801_154548.log
15:45:48 [INFO] src.orchestrator: Starting investigation with 1 seed artifact(s)
15:45:48 [INFO] src.plugins.registry: Registered plugin: SherlockPlugin
15:45:48 [INFO] src.plugins.registry: Registered plugin: WhoisPlugin
15:45:48 [INFO] src.plugins.registry: Registered plugin: UsernameSearchPlugin
15:45:48 [INFO] src.plugins.registry: Registered plugin: TheHarvesterPlugin
15:45:48 [INFO] src.plugins.registry: Registered plugin: DigPlugin
15:45:48 [INFO] src.plugins.registry: Registered plugin: EmailBreachPlugin
15:45:48 [INFO] src.plugins.registry: Registered plugin: ImageMatchPlugin
15:45:48 [INFO] src.plugins.registry: Registered plugin: GoogleDorksPlugin
15:45:48 [INFO] src.plugins.registry: Registered plugin: ShodanPlugin
15:45:48 [INFO] src.plugins.registry: Registered plugin: PhoneValidationPlugin
15:45:48 [INFO] src.orchestrator: Available plugins: 7
15:45:48 [INFO] src.orchestrator: Created investigation: INV-7cfe2cc8
15:45:48 [INFO] src.orchestrator: Starting BFS processing with 1 artifacts in queue
15:45:48 [INFO] src.orchestrator: Processing: email=dhayanidhi.r@gmail.com (depth=0, queue_size=0)
15:45:48 [INFO] src.modules.email_osint: Email analysis complete: dhayanidhi.r@gmail.com → disposable=False, breaches=0, platforms=0
15:45:48 [INFO] src.modules.breach_check: No HIBP API key provided - using mock breach data for demonstration
15:45:48 [INFO] src.modules.breach_check: Breach check complete: dhayanidhi.r@gmail.com → 2 breaches, risk=high
15:45:48 [INFO] src.orchestrator: Found 2 breaches for email dhayanidhi.r@gmail.com: Adobe, Facebook
15:45:48 [WARNING] src.orchestrator: Breach check warning: Using mock data - HIBP API key required for real breach checks
15:45:48 [INFO] src.modules.email_osint: Email analysis complete: dhayanidhi.r@gmail.com → disposable=False, breaches=0, platforms=0
15:45:48 [INFO] src.orchestrator: Plugin system processed 1 plugins, discovered 0 artifacts
15:45:48 [INFO] src.orchestrator: Processing: breach_data=Adobe (2013-10-04) (depth=1, queue_size=2)
15:45:48 [WARNING] src.orchestrator: Unknown artifact type: breach_data
15:45:48 [WARNING] src.plugins.manager: No plugins available for artifact type: breach_data
15:45:48 [INFO] src.orchestrator: Plugin system processed 0 plugins, discovered 0 artifacts
15:45:48 [INFO] src.orchestrator: Processing: breach_data=Facebook (2019-04-04) (depth=1, queue_size=1)
15:45:48 [WARNING] src.orchestrator: Unknown artifact type: breach_data
15:45:48 [WARNING] src.plugins.manager: No plugins available for artifact type: breach_data
15:45:48 [INFO] src.orchestrator: Plugin system processed 0 plugins, discovered 0 artifacts
15:45:48 [INFO] src.orchestrator: Processing: username=dhayanidhi.r (depth=1, queue_size=0)
15:45:48 [ERROR] src.modules.username_search: Exception checking Twitter/X: 'retry_total'
15:45:48 [ERROR] src.modules.username_search: Exception checking Reddit: 'retry_total'
15:45:48 [ERROR] src.modules.username_search: Exception checking Instagram: 'retry_total'
15:45:48 [ERROR] src.modules.username_search: Exception checking HackerNews: 'retry_total'
15:45:48 [ERROR] src.modules.username_search: Exception checking GitLab: 'retry_total'
15:45:48 [ERROR] src.modules.username_search: Exception checking Pinterest: 'retry_total'
15:45:48 [ERROR] src.modules.username_search: Exception checking GitHub: 'retry_total'
15:45:48 [ERROR] src.modules.username_search: Exception checking Keybase: 'retry_total'
15:45:48 [ERROR] src.modules.username_search: Exception checking LinkedIn: 'retry_total'
15:45:48 [ERROR] src.modules.username_search: Exception checking Medium: 'retry_total'
15:45:48 [ERROR] src.modules.username_search: Exception checking Steam: 'retry_total'
15:45:48 [ERROR] src.modules.username_search: Exception checking Mastodon: 'retry_total'
15:45:48 [INFO] src.modules.username_search: Username search complete: dhayanidhi.r → found on 0/12 platforms
15:45:48 [INFO] src.modules.google_dorks: Limiting patterns from 8 to 3 to avoid rate limiting
15:45:48 [INFO] src.modules.google_dorks: Searching for username 'dhayanidhi.r' with 3 dork patterns
15:45:48 [ERROR] src.modules.username_search: Exception checking HackerNews: 'retry_total'
15:45:48 [ERROR] src.modules.username_search: Exception checking Keybase: 'retry_total'
15:45:48 [ERROR] src.modules.username_search: Exception checking Pinterest: 'retry_total'
15:45:48 [ERROR] src.modules.username_search: Exception checking LinkedIn: 'retry_total'
15:45:48 [ERROR] src.modules.username_search: Exception checking Medium: 'retry_total'
15:45:48 [ERROR] src.modules.username_search: Exception checking GitHub: 'retry_total'
15:45:48 [ERROR] src.modules.username_search: Exception checking Twitter/X: 'retry_total'
15:45:48 [ERROR] src.modules.username_search: Exception checking Instagram: 'retry_total'
15:45:48 [ERROR] src.modules.username_search: Exception checking Reddit: 'retry_total'
15:45:48 [ERROR] src.modules.username_search: Exception checking GitLab: 'retry_total'
15:45:48 [ERROR] src.modules.username_search: Exception checking Steam: 'retry_total'
15:45:48 [ERROR] src.modules.username_search: Exception checking Mastodon: 'retry_total'
15:45:48 [INFO] src.modules.username_search: Username search complete: dhayanidhi.r → found on 0/12 platforms
15:45:49 [WARNING] src.modules.google_dorks: Google rate limited (429) for query: dhayanidhi.r
15:45:49 [WARNING] src.modules.google_dorks: Pattern 'simple_search' failed: Rate limited by Google (429)
15:45:51 [WARNING] src.modules.google_dorks: Google rate limited (429) for query: site:twitter.com "dhayanidhi.r" OR site:linkedin.com "dhayanidhi.r" OR site:github.com "dhayanidhi.r" OR site:instagram.com "dhayanidhi.r"
15:45:51 [WARNING] src.modules.google_dorks: Pattern 'social_platforms' failed: Rate limited by Google (429)
15:45:52 [WARNING] src.modules.google_dorks: Google rate limited (429) for query: intitle:"profile" "dhayanidhi.r" OR intitle:"user" "dhayanidhi.r"
15:45:52 [WARNING] src.modules.google_dorks: Pattern 'profile_pages' failed: Rate limited by Google (429)
15:45:52 [INFO] src.modules.google_dorks: Google Dorks search discovered 0 artifacts
15:45:52 [INFO] src.orchestrator: Plugin system processed 2 plugins, discovered 0 artifacts
15:45:52 [INFO] src.orchestrator: BFS processing complete. Processed 4 artifacts
15:45:52 [INFO] src.orchestrator: Summary: 4 artifacts, 3 links, 0 platform presences
15:45:52 [INFO] src.modules.correlation: Correlation analysis: 4 artifacts, 3 links, 1 components
15:45:52 [INFO] src.orchestrator: Correlation analysis: 1 connected components, largest component size: 4
15:45:52 [INFO] src.orchestrator: Investigation INV-7cfe2cc8 complete: 4 artifacts, 3 links, 0 platforms, 0 risk indicators
15:45:52 [INFO] src.correlation.linker: Correlation complete: 2 nodes, 1 edges, 1 identities
15:45:52 [INFO] src.graph.visualizer: Graph saved to /var/folders/73/s7vzm9_d65n7bx0pjs4gmsmm0000gn/T/tmp97omfzrf.html (2 nodes, 1 edges)
15:45:52 [INFO] src.reporting.html_report: HTML report saved to reports/INV-7cfe2cc8_report.html
